Archive member included to satisfy reference by file (symbol)

/usr/bin/../lib/gcc/arm-none-eabi/7.3.1/../../../../arm-none-eabi/lib/thumb/v7e-m/fpv4-sp/hard/libc.a(lib_a-abs.o)
                              _build/kobukiActuator.o (abs)
/usr/bin/../lib/gcc/arm-none-eabi/7.3.1/../../../../arm-none-eabi/lib/thumb/v7e-m/fpv4-sp/hard/libc.a(lib_a-exit.o)
                              /usr/bin/../lib/gcc/arm-none-eabi/7.3.1/../../../../arm-none-eabi/lib/thumb/v7e-m/fpv4-sp/hard/crt0.o (exit)
/usr/bin/../lib/gcc/arm-none-eabi/7.3.1/../../../../arm-none-eabi/lib/thumb/v7e-m/fpv4-sp/hard/libc.a(lib_a-impure.o)
                              /usr/bin/../lib/gcc/arm-none-eabi/7.3.1/../../../../arm-none-eabi/lib/thumb/v7e-m/fpv4-sp/hard/libc.a(lib_a-exit.o) (_global_impure_ptr)
/usr/bin/../lib/gcc/arm-none-eabi/7.3.1/../../../../arm-none-eabi/lib/thumb/v7e-m/fpv4-sp/hard/libc.a(lib_a-init.o)
                              /usr/bin/../lib/gcc/arm-none-eabi/7.3.1/../../../../arm-none-eabi/lib/thumb/v7e-m/fpv4-sp/hard/crt0.o (__libc_init_array)
/usr/bin/../lib/gcc/arm-none-eabi/7.3.1/../../../../arm-none-eabi/lib/thumb/v7e-m/fpv4-sp/hard/libc.a(lib_a-locale.o)
                              _build/nrf_log_str_formatter.o (__locale_ctype_ptr)
/usr/bin/../lib/gcc/arm-none-eabi/7.3.1/../../../../arm-none-eabi/lib/thumb/v7e-m/fpv4-sp/hard/libc.a(lib_a-malloc.o)
                              _build/virtual_timer.o (malloc)
/usr/bin/../lib/gcc/arm-none-eabi/7.3.1/../../../../arm-none-eabi/lib/thumb/v7e-m/fpv4-sp/hard/libc.a(lib_a-mallocr.o)
                              /usr/bin/../lib/gcc/arm-none-eabi/7.3.1/../../../../arm-none-eabi/lib/thumb/v7e-m/fpv4-sp/hard/libc.a(lib_a-malloc.o) (_malloc_r)
/usr/bin/../lib/gcc/arm-none-eabi/7.3.1/../../../../arm-none-eabi/lib/thumb/v7e-m/fpv4-sp/hard/libc.a(lib_a-mbtowc_r.o)
                              /usr/bin/../lib/gcc/arm-none-eabi/7.3.1/../../../../arm-none-eabi/lib/thumb/v7e-m/fpv4-sp/hard/libc.a(lib_a-locale.o) (__ascii_mbtowc)
/usr/bin/../lib/gcc/arm-none-eabi/7.3.1/../../../../arm-none-eabi/lib/thumb/v7e-m/fpv4-sp/hard/libc.a(lib_a-memcmp.o)
                              _build/nrf_twi_mngr.o (memcmp)
/usr/bin/../lib/gcc/arm-none-eabi/7.3.1/../../../../arm-none-eabi/lib/thumb/v7e-m/fpv4-sp/hard/libc.a(lib_a-memcpy.o)
                              _build/kobukiUART.o (memcpy)
/usr/bin/../lib/gcc/arm-none-eabi/7.3.1/../../../../arm-none-eabi/lib/thumb/v7e-m/fpv4-sp/hard/libc.a(lib_a-memset.o)
                              /usr/bin/../lib/gcc/arm-none-eabi/7.3.1/../../../../arm-none-eabi/lib/thumb/v7e-m/fpv4-sp/hard/crt0.o (memset)
/usr/bin/../lib/gcc/arm-none-eabi/7.3.1/../../../../arm-none-eabi/lib/thumb/v7e-m/fpv4-sp/hard/libc.a(lib_a-mlock.o)
                              /usr/bin/../lib/gcc/arm-none-eabi/7.3.1/../../../../arm-none-eabi/lib/thumb/v7e-m/fpv4-sp/hard/libc.a(lib_a-mallocr.o) (__malloc_lock)
/usr/bin/../lib/gcc/arm-none-eabi/7.3.1/../../../../arm-none-eabi/lib/thumb/v7e-m/fpv4-sp/hard/libc.a(lib_a-printf.o)
                              _build/virtual_timer_linked_list.o (printf)
/usr/bin/../lib/gcc/arm-none-eabi/7.3.1/../../../../arm-none-eabi/lib/thumb/v7e-m/fpv4-sp/hard/libc.a(lib_a-sbrkr.o)
                              /usr/bin/../lib/gcc/arm-none-eabi/7.3.1/../../../../arm-none-eabi/lib/thumb/v7e-m/fpv4-sp/hard/libc.a(lib_a-mallocr.o) (_sbrk_r)
/usr/bin/../lib/gcc/arm-none-eabi/7.3.1/../../../../arm-none-eabi/lib/thumb/v7e-m/fpv4-sp/hard/libc.a(lib_a-setbuf.o)
                              _build/before_startup.o (setbuf)
/usr/bin/../lib/gcc/arm-none-eabi/7.3.1/../../../../arm-none-eabi/lib/thumb/v7e-m/fpv4-sp/hard/libc.a(lib_a-setvbuf.o)
                              /usr/bin/../lib/gcc/arm-none-eabi/7.3.1/../../../../arm-none-eabi/lib/thumb/v7e-m/fpv4-sp/hard/libc.a(lib_a-setbuf.o) (setvbuf)
/usr/bin/../lib/gcc/arm-none-eabi/7.3.1/../../../../arm-none-eabi/lib/thumb/v7e-m/fpv4-sp/hard/libc.a(lib_a-strcmp.o)
                              /usr/bin/../lib/gcc/arm-none-eabi/7.3.1/../../../../arm-none-eabi/lib/thumb/v7e-m/fpv4-sp/hard/libc.a(lib_a-locale.o) (strcmp)
/usr/bin/../lib/gcc/arm-none-eabi/7.3.1/../../../../arm-none-eabi/lib/thumb/v7e-m/fpv4-sp/hard/libc.a(lib_a-strcpy.o)
                              _build/SEGGER_RTT.o (strcpy)
/usr/bin/../lib/gcc/arm-none-eabi/7.3.1/../../../../arm-none-eabi/lib/thumb/v7e-m/fpv4-sp/hard/libc.a(lib_a-strlen.o)
                              _build/display.o (strlen)
/usr/bin/../lib/gcc/arm-none-eabi/7.3.1/../../../../arm-none-eabi/lib/thumb/v7e-m/fpv4-sp/hard/libc.a(lib_a-vfprintf.o)
                              /usr/bin/../lib/gcc/arm-none-eabi/7.3.1/../../../../arm-none-eabi/lib/thumb/v7e-m/fpv4-sp/hard/libc.a(lib_a-printf.o) (_vfprintf_r)
/usr/bin/../lib/gcc/arm-none-eabi/7.3.1/../../../../arm-none-eabi/lib/thumb/v7e-m/fpv4-sp/hard/libc.a(lib_a-vsnprintf.o)
                              _build/simple_logger.o (vsnprintf)
[...]
Memory Configuration

Name             Origin             Length             Attributes
FLASH            0x0000000000000000 0x0000000000080000 xr
RAM              0x0000000020000000 0x0000000000010000 xrw
*default*        0x0000000000000000 0xffffffffffffffff

Linker script and memory map


.text           0x0000000000000000     0xa060
 *(.isr_vector)
 .isr_vector    0x0000000000000000      0x200 _build/gcc_startup_nrf52.os
                0x0000000000000000                __isr_vector
 *(.text*)
 .text          0x0000000000000200       0x40 /usr/bin/../lib/gcc/arm-none-eabi/7.3.1/thumb/v7e-m/fpv4-sp/hard/crtbegin.o
 .text          0x0000000000000240       0x74 /usr/bin/../lib/gcc/arm-none-eabi/7.3.1/../../../../arm-none-eabi/lib/thumb/v7e-m/fpv4-sp/hard/crt0.o
                0x0000000000000240                _mainCRTStartup
                0x0000000000000240                _start
 .text.list_insert_sorted
                0x00000000000002b4       0x64 _build/virtual_timer_linked_list.o
                0x00000000000002b4                list_insert_sorted
 .text.list_get_first
                0x0000000000000318        0xc _build/virtual_timer_linked_list.o
                0x0000000000000318                list_get_first
 .text.list_remove
                0x0000000000000324       0x60 _build/virtual_timer_linked_list.o
                0x0000000000000324                list_remove
 .text.led0_toggle
                0x0000000000000384       0x24 _build/main.o
                0x0000000000000384                led0_toggle
 .text.led1_toggle
                0x00000000000003a8       0x24 _build/main.o
                0x00000000000003a8                led1_toggle
 .text.startup.main
                0x00000000000003cc       0x80 _build/main.o
                0x00000000000003cc                main
 .text.timer_start
                0x000000000000044c       0x44 _build/virtual_timer.o
 .text.TIMER4_IRQHandler
                0x0000000000000490       0xc8 _build/virtual_timer.o
                0x0000000000000490                TIMER4_IRQHandler
 .text.virtual_timer_init
                0x0000000000000558       0x34 _build/virtual_timer.o
                0x0000000000000558                virtual_timer_init
 .text.virtual_timer_start_repeated
                0x000000000000058c        0x6 _build/virtual_timer.o
                0x000000000000058c                virtual_timer_start_repeated
 *fill*         0x0000000000000592        0x2 
 .text.nrf_delay_ms.part.0
                0x0000000000000594       0x1c _build/better_error_handling.o
 .text.app_error_fault_handler
                0x00000000000005b0      0x104 _build/better_error_handling.o
                0x00000000000005b0                app_error_fault_handler
 .text.HardFault_process
                0x00000000000006b4       0x9a _build/better_error_handling.o
                0x00000000000006b4                HardFault_process
 .text._GetAvailWriteSpace
                0x000000000000074e       0x1c _build/SEGGER_RTT.o
 .text._WriteNoCheck
                0x000000000000076a       0x3a _build/SEGGER_RTT.o
 .text._WriteBlocking
                0x00000000000007a4       0x52 _build/SEGGER_RTT.o
 *fill*         0x00000000000007f6        0x2 
 .text._DoInit  0x00000000000007f8       0x60 _build/SEGGER_RTT.o
 .text.SEGGER_RTT_WriteNoLock
                0x0000000000000858       0x68 _build/SEGGER_RTT.o
                0x0000000000000858                SEGGER_RTT_WriteNoLock
 .text.SEGGER_RTT_Write
                0x00000000000008c0       0x34 _build/SEGGER_RTT.o
                0x00000000000008c0                SEGGER_RTT_Write
 .text.SEGGER_RTT_Init
                0x00000000000008f4        0x4 _build/SEGGER_RTT.o
                0x00000000000008f4                SEGGER_RTT_Init
 .text._write_r
                0x00000000000008f8       0x12 _build/SEGGER_RTT_Syscalls_GCC.o
                0x00000000000008f8                _write_r
 .text.app_error_handler
                0x000000000000090a       0x1a _build/app_error_handler_gcc.o
                0x000000000000090a                app_error_handler
 .text.nrfx_coredep_delay_us.constprop.3
                0x0000000000000924       0x10 _build/app_timer.o
 .text.RTC1_IRQHandler
                0x0000000000000934       0x9c _build/app_timer.o
                0x0000000000000934                RTC1_IRQHandler
 .text.SWI0_EGU0_IRQHandler
                0x00000000000009d0      0x2a4 _build/app_timer.o
                0x00000000000009d0                SWI0_EGU0_IRQHandler
 .text.app_util_disable_irq
                0x0000000000000c74       0x10 _build/app_util_platform.o
                0x0000000000000c74                app_util_disable_irq
 .text.app_util_enable_irq
                0x0000000000000c84       0x14 _build/app_util_platform.o
                0x0000000000000c84                app_util_enable_irq
 .text.privilege_level_get
                0x0000000000000c98       0x1a _build/app_util_platform.o
                0x0000000000000c98                privilege_level_get
 *fill*         0x0000000000000cb2        0x2 
 .text.app_util_critical_region_enter
                0x0000000000000cb4       0x20 _build/app_util_platform.o
                0x0000000000000cb4                app_util_critical_region_enter
 .text.app_util_critical_region_exit
                0x0000000000000cd4       0x20 _build/app_util_platform.o
                0x0000000000000cd4                app_util_critical_region_exit
 .text.startup.called_first
                0x0000000000000cf4       0x10 _build/before_startup.o
                0x0000000000000cf4                called_first
 .text.HardFault_Handler
                0x0000000000000d04       0x34 _build/hardfault_handler_gcc.o
                0x0000000000000d04                HardFault_Handler
 .text.HardFault_c_handler
                0x0000000000000d38      0x104 _build/hardfault_implementation.o
                0x0000000000000d38                HardFault_c_handler
 .text.assert_nrf_callback
                0x0000000000000e3c       0x1a _build/nrf_assert.o
                0x0000000000000e3c                assert_nrf_callback
 .text.nrf_atomic_u32_fetch_store
                0x0000000000000e56       0x14 _build/nrf_atomic.o
                0x0000000000000e56                nrf_atomic_u32_fetch_store
 .text.nrf_atomic_u32_or
                0x0000000000000e6a       0x16 _build/nrf_atomic.o
                0x0000000000000e6a                nrf_atomic_u32_or
 .text.nrf_atomic_u32_fetch_and
                0x0000000000000e80       0x16 _build/nrf_atomic.o
                0x0000000000000e80                nrf_atomic_u32_fetch_and
 .text.nrf_atomic_u32_add
                0x0000000000000e96       0x16 _build/nrf_atomic.o
                0x0000000000000e96                nrf_atomic_u32_add
 .text.nrf_atomic_u32_sub
                0x0000000000000eac       0x16 _build/nrf_atomic.o
                0x0000000000000eac                nrf_atomic_u32_sub
 .text.nrf_atomic_flag_set
                0x0000000000000ec2        0x6 _build/nrf_atomic.o
                0x0000000000000ec2                nrf_atomic_flag_set
 .text.nrf_atomic_flag_clear_fetch
                0x0000000000000ec8        0x6 _build/nrf_atomic.o
                0x0000000000000ec8                nrf_atomic_flag_clear_fetch
 *fill*         0x0000000000000ece        0x2 
 .text.nrf_balloc_init
                0x0000000000000ed0       0x7c _build/nrf_balloc.o
                0x0000000000000ed0                nrf_balloc_init
 .text.nrf_balloc_alloc
                0x0000000000000f4c       0x54 _build/nrf_balloc.o
                0x0000000000000f4c                nrf_balloc_alloc
 .text.nrf_balloc_free
                0x0000000000000fa0       0x48 _build/nrf_balloc.o
                0x0000000000000fa0                nrf_balloc_free
 .text.nrf_fprintf_buffer_flush
                0x0000000000000fe8       0x24 _build/nrf_fprintf.o
                0x0000000000000fe8                nrf_fprintf_buffer_flush
 .text.nrf_fprintf
                0x000000000000100c       0x58 _build/nrf_fprintf.o
                0x000000000000100c                nrf_fprintf
 .text.buffer_add
                0x0000000000001064       0x1e _build/nrf_fprintf_format.o
 *fill*         0x0000000000001082        0x2 
 .text.unsigned_print
                0x0000000000001084       0xac _build/nrf_fprintf_format.o
 .text.nrf_fprintf_fmt
                0x0000000000001130      0x2c4 _build/nrf_fprintf_format.o
                0x0000000000001130                nrf_fprintf_fmt
 .text.nrf_log_backend_rtt_flush
                0x00000000000013f4        0x2 _build/nrf_log_backend_rtt.o
 *fill*         0x00000000000013f6        0x2 
 .text.nrf_log_backend_rtt_put
                0x00000000000013f8       0x1c _build/nrf_log_backend_rtt.o
 .text.serial_tx
                0x0000000000001414       0x50 _build/nrf_log_backend_rtt.o
 .text.nrf_log_backend_rtt_panic_set
                0x0000000000001464        0x2 _build/nrf_log_backend_rtt.o
 .text.nrf_log_backend_rtt_init
                0x0000000000001466        0x4 _build/nrf_log_backend_rtt.o
                0x0000000000001466                nrf_log_backend_rtt_init
 .text.nrf_log_backend_serial_put
                0x000000000000146a       0xcc _build/nrf_log_backend_serial.o
                0x000000000000146a                nrf_log_backend_serial_put
 *fill*         0x0000000000001536        0x2 
 .text.nrf_log_default_backends_init
                0x0000000000001538       0x30 _build/nrf_log_default_backends.o
                0x0000000000001538                nrf_log_default_backends_init
 .text.invalid_packets_omit
                0x0000000000001568       0x3a _build/nrf_log_frontend.o
 *fill*         0x00000000000015a2        0x2 
 .text.buf_prealloc
                0x00000000000015a4      0x130 _build/nrf_log_frontend.o
 .text.nrf_log_init
                0x00000000000016d4       0x3c _build/nrf_log_frontend.o
                0x00000000000016d4                nrf_log_init
 .text.nrf_log_module_name_get
                0x0000000000001710       0x38 _build/nrf_log_frontend.o
                0x0000000000001710                nrf_log_module_name_get
 .text.nrf_log_color_id_get
                0x0000000000001748       0x2c _build/nrf_log_frontend.o
                0x0000000000001748                nrf_log_color_id_get
 .text.buffer_is_empty
                0x0000000000001774       0x14 _build/nrf_log_frontend.o
                0x0000000000001774                buffer_is_empty
 .text.nrf_log_frontend_dequeue
                0x0000000000001788      0x220 _build/nrf_log_frontend.o
                0x0000000000001788                nrf_log_frontend_dequeue
 .text.std_n    0x00000000000019a8       0xd8 _build/nrf_log_frontend.o
 .text.nrf_log_frontend_std_0
                0x0000000000001a80        0x8 _build/nrf_log_frontend.o
                0x0000000000001a80                nrf_log_frontend_std_0
 .text.nrf_log_frontend_std_1
                0x0000000000001a88       0x14 _build/nrf_log_frontend.o
                0x0000000000001a88                nrf_log_frontend_std_1
 .text.nrf_log_frontend_std_3
                0x0000000000001a9c       0x18 _build/nrf_log_frontend.o
                0x0000000000001a9c                nrf_log_frontend_std_3
 .text.nrf_log_frontend_std_4
                0x0000000000001ab4       0x1c _build/nrf_log_frontend.o
                0x0000000000001ab4                nrf_log_frontend_std_4
 .text.nrf_log_backend_add
                0x0000000000001ad0       0x54 _build/nrf_log_frontend.o
                0x0000000000001ad0                nrf_log_backend_add
 .text.nrf_log_panic
                0x0000000000001b24       0x2c _build/nrf_log_frontend.o
                0x0000000000001b24                nrf_log_panic
 .text.postfix_process
                0x0000000000001b50       0x3c _build/nrf_log_str_formatter.o
 .text.prefix_process
                0x0000000000001b8c       0x78 _build/nrf_log_str_formatter.o
 .text.nrf_log_std_entry_process
                0x0000000000001c04       0xc8 _build/nrf_log_str_formatter.o
                0x0000000000001c04                nrf_log_std_entry_process
 .text.nrf_log_hexdump_entry_process
                0x0000000000001ccc       0xbc _build/nrf_log_str_formatter.o
                0x0000000000001ccc                nrf_log_hexdump_entry_process
 .text.memobj_op
                0x0000000000001d88       0xa4 _build/nrf_memobj.o
 .text.nrf_memobj_pool_init
                0x0000000000001e2c        0x4 _build/nrf_memobj.o
                0x0000000000001e2c                nrf_memobj_pool_init
 .text.nrf_memobj_free
                0x0000000000001e30       0x2c _build/nrf_memobj.o
                0x0000000000001e30                nrf_memobj_free
 .text.nrf_memobj_alloc
                0x0000000000001e5c       0x5e _build/nrf_memobj.o
                0x0000000000001e5c                nrf_memobj_alloc
 .text.nrf_memobj_get
                0x0000000000001eba        0x8 _build/nrf_memobj.o
                0x0000000000001eba                nrf_memobj_get
 .text.nrf_memobj_put
                0x0000000000001ec2       0x1e _build/nrf_memobj.o
                0x0000000000001ec2                nrf_memobj_put
 .text.nrf_memobj_write
                0x0000000000001ee0       0x2c _build/nrf_memobj.o
                0x0000000000001ee0                nrf_memobj_write
 .text.nrf_memobj_read
                0x0000000000001f0c       0x2c _build/nrf_memobj.o
                0x0000000000001f0c                nrf_memobj_read
 .text.nrf_ringbuf_init
                0x0000000000001f38       0x1c _build/nrf_ringbuf.o
                0x0000000000001f38                nrf_ringbuf_init
 .text.nrf_strerror_find
                0x0000000000001f54       0x3c _build/nrf_strerror.o
                0x0000000000001f54                nrf_strerror_find
 .text.nrf_strerror_get
                0x0000000000001f90       0x14 _build/nrf_strerror.o
                0x0000000000001f90                nrf_strerror_get
 .text.POWER_CLOCK_IRQHandler
                0x0000000000001fa4       0x64 _build/nrfx_clock.o
                0x0000000000001fa4                POWER_CLOCK_IRQHandler
 .text.nrf_gpiote_event_clear
                0x0000000000002008       0x18 _build/nrfx_gpiote.o
 .text.channel_free
                0x0000000000002020       0x1c _build/nrfx_gpiote.o
 .text.nrf_gpio_pin_port_decode.isra.0.part.1
                0x000000000000203c       0x10 _build/nrfx_gpiote.o
 .text.nrf_gpio_cfg_sense_set
                0x000000000000204c       0x2e _build/nrfx_gpiote.o
 *fill*         0x000000000000207a        0x2 
 .text.nrfx_gpiote_init
                0x000000000000207c       0x6c _build/nrfx_gpiote.o
                0x000000000000207c                nrfx_gpiote_init
 .text.nrfx_gpiote_is_init
                0x00000000000020e8       0x14 _build/nrfx_gpiote.o
                0x00000000000020e8                nrfx_gpiote_is_init
 .text.nrfx_gpiote_out_init
                0x00000000000020fc      0x11c _build/nrfx_gpiote.o
                0x00000000000020fc                nrfx_gpiote_out_init
 .text.nrfx_gpiote_out_set
                0x0000000000002218       0x5c _build/nrfx_gpiote.o
                0x0000000000002218                nrfx_gpiote_out_set
 .text.nrfx_gpiote_out_clear
                0x0000000000002274       0x5c _build/nrfx_gpiote.o
                0x0000000000002274                nrfx_gpiote_out_clear
 .text.GPIOTE_IRQHandler
                0x00000000000022d0      0x18c _build/nrfx_gpiote.o
                0x00000000000022d0                GPIOTE_IRQHandler
 .text.UARTE0_UART0_IRQHandler
                0x000000000000245c       0x20 _build/nrfx_prs.o
                0x000000000000245c                UARTE0_UART0_IRQHandler
 .text.nrf_pwm_event_clear
                0x000000000000247c       0x10 _build/nrfx_pwm.o
 .text.irq_handler
                0x000000000000248c       0x80 _build/nrfx_pwm.o
 .text.PWM0_IRQHandler
                0x000000000000250c       0x10 _build/nrfx_pwm.o
                0x000000000000250c                PWM0_IRQHandler
 .text.PWM1_IRQHandler
                0x000000000000251c       0x10 _build/nrfx_pwm.o
                0x000000000000251c                PWM1_IRQHandler
 .text.PWM2_IRQHandler
                0x000000000000252c       0x10 _build/nrfx_pwm.o
                0x000000000000252c                PWM2_IRQHandler
 .text.nrf_saadc_event_clear
                0x000000000000253c       0x18 _build/nrfx_saadc.o
 .text.SAADC_IRQHandler
                0x0000000000002554      0x164 _build/nrfx_saadc.o
                0x0000000000002554                SAADC_IRQHandler
 .text.nrf_gpio_pin_port_decode.isra.0.part.1
                0x00000000000026b8       0x10 _build/nrfx_spim.o
 .text.nrf_gpio_pin_clear
                0x00000000000026c8       0x1c _build/nrfx_spim.o
 .text.nrf_gpio_pin_set
                0x00000000000026e4       0x1c _build/nrfx_spim.o
 .text.SPIM1_SPIS1_TWIM1_TWIS1_SPI1_TWI1_IRQHandler
                0x0000000000002700       0x64 _build/nrfx_spim.o
                0x0000000000002700                SPIM1_SPIS1_TWIM1_TWIS1_SPI1_TWI1_IRQHandler
 .text.irq_handler.constprop.0
                0x0000000000002764       0x4c _build/nrfx_timer.o
 .text.TIMER0_IRQHandler
                0x00000000000027b0       0x10 _build/nrfx_timer.o
                0x00000000000027b0                TIMER0_IRQHandler
 .text.TIMER1_IRQHandler
                0x00000000000027c0       0x10 _build/nrfx_timer.o
                0x00000000000027c0                TIMER1_IRQHandler
 .text.nrf_twim_event_clear
                0x00000000000027d0       0x10 _build/nrfx_twim.o
 .text.SPIM0_SPIS0_TWIM0_TWIS0_SPI0_TWI0_IRQHandler
                0x00000000000027e0      0x158 _build/nrfx_twim.o
                0x00000000000027e0                SPIM0_SPIS0_TWIM0_TWIS0_SPI0_TWI0_IRQHandler
 .text.errata_12
                0x0000000000002938       0x40 _build/system_nrf52.o
 .text.errata_16
                0x0000000000002978       0x34 _build/system_nrf52.o
 .text.SystemInit
                0x00000000000029ac      0x25c _build/system_nrf52.o
                0x00000000000029ac                SystemInit
 .text          0x0000000000002c08       0x3c _build/gcc_startup_nrf52.os
                0x0000000000002c08                Reset_Handler
                0x0000000000002c30                NMI_Handler
                0x0000000000002c34                MemoryManagement_Handler
                0x0000000000002c36                BusFault_Handler
                0x0000000000002c38                UsageFault_Handler
                0x0000000000002c3a                SVC_Handler
                0x0000000000002c3c                DebugMon_Handler
                0x0000000000002c3e                PendSV_Handler
                0x0000000000002c40                SysTick_Handler
                0x0000000000002c42                TIMER2_IRQHandler
                0x0000000000002c42                RTC0_IRQHandler
                0x0000000000002c42                SWI2_EGU2_IRQHandler
                0x0000000000002c42                RADIO_IRQHandler
                0x0000000000002c42                PDM_IRQHandler
                0x0000000000002c42                TEMP_IRQHandler
                0x0000000000002c42                QDEC_IRQHandler
                0x0000000000002c42                TIMER3_IRQHandler
                0x0000000000002c42                FPU_IRQHandler
                0x0000000000002c42                I2S_IRQHandler
                0x0000000000002c42                SWI4_EGU4_IRQHandler
                0x0000000000002c42                ECB_IRQHandler
                0x0000000000002c42                Default_Handler
                0x0000000000002c42                CCM_AAR_IRQHandler
                0x0000000000002c42                WDT_IRQHandler
                0x0000000000002c42                SWI5_EGU5_IRQHandler
                0x0000000000002c42                RNG_IRQHandler
                0x0000000000002c42                RTC2_IRQHandler
                0x0000000000002c42                SWI3_EGU3_IRQHandler
                0x0000000000002c42                SWI1_EGU1_IRQHandler
                0x0000000000002c42                SPIM2_SPIS2_SPI2_IRQHandler
                0x0000000000002c42                NFCT_IRQHandler
                0x0000000000002c42                MWU_IRQHandler
                0x0000000000002c42                COMP_LPCOMP_IRQHandler
 .text.exit     0x0000000000002c44       0x20 /usr/bin/../lib/gcc/arm-none-eabi/7.3.1/../../../../arm-none-eabi/lib/thumb/v7e-m/fpv4-sp/hard/libc.a(lib_a-exit.o)
                0x0000000000002c44                exit
 .text.__libc_init_array
                0x0000000000002c64       0x48 /usr/bin/../lib/gcc/arm-none-eabi/7.3.1/../../../../arm-none-eabi/lib/thumb/v7e-m/fpv4-sp/hard/libc.a(lib_a-init.o)
                0x0000000000002c64                __libc_init_array
 .text.__locale_mb_cur_max
                0x0000000000002cac       0x1c /usr/bin/../lib/gcc/arm-none-eabi/7.3.1/../../../../arm-none-eabi/lib/thumb/v7e-m/fpv4-sp/hard/libc.a(lib_a-locale.o)
                0x0000000000002cac                __locale_mb_cur_max
 .text.__locale_ctype_ptr
                0x0000000000002cc8       0x1c /usr/bin/../lib/gcc/arm-none-eabi/7.3.1/../../../../arm-none-eabi/lib/thumb/v7e-m/fpv4-sp/hard/libc.a(lib_a-locale.o)
                0x0000000000002cc8                __locale_ctype_ptr
 .text.malloc   0x0000000000002ce4       0x10 /usr/bin/../lib/gcc/arm-none-eabi/7.3.1/../../../../arm-none-eabi/lib/thumb/v7e-m/fpv4-sp/hard/libc.a(lib_a-malloc.o)
                0x0000000000002ce4                malloc
 .text.free     0x0000000000002cf4       0x10 /usr/bin/../lib/gcc/arm-none-eabi/7.3.1/../../../../arm-none-eabi/lib/thumb/v7e-m/fpv4-sp/hard/libc.a(lib_a-malloc.o)
                0x0000000000002cf4                free
 .text._malloc_r
                0x0000000000002d04      0x548 /usr/bin/../lib/gcc/arm-none-eabi/7.3.1/../../../../arm-none-eabi/lib/thumb/v7e-m/fpv4-sp/hard/libc.a(lib_a-mallocr.o)
                0x0000000000002d04                _malloc_r
 .text.__ascii_mbtowc
                0x000000000000324c       0x2c /usr/bin/../lib/gcc/arm-none-eabi/7.3.1/../../../../arm-none-eabi/lib/thumb/v7e-m/fpv4-sp/hard/libc.a(lib_a-mbtowc_r.o)
                0x000000000000324c                __ascii_mbtowc
 .text          0x0000000000003278      0x134 /usr/bin/../lib/gcc/arm-none-eabi/7.3.1/../../../../arm-none-eabi/lib/thumb/v7e-m/fpv4-sp/hard/libc.a(lib_a-memcpy.o)
                0x0000000000003278                memcpy
 .text.memset   0x00000000000033ac       0x94 /usr/bin/../lib/gcc/arm-none-eabi/7.3.1/../../../../arm-none-eabi/lib/thumb/v7e-m/fpv4-sp/hard/libc.a(lib_a-memset.o)
                0x00000000000033ac                memset
 .text.__malloc_lock
                0x0000000000003440        0xc /usr/bin/../lib/gcc/arm-none-eabi/7.3.1/../../../../arm-none-eabi/lib/thumb/v7e-m/fpv4-sp/hard/libc.a(lib_a-mlock.o)
                0x0000000000003440                __malloc_lock
 .text.__malloc_unlock
                0x000000000000344c        0xc /usr/bin/../lib/gcc/arm-none-eabi/7.3.1/../../../../arm-none-eabi/lib/thumb/v7e-m/fpv4-sp/hard/libc.a(lib_a-mlock.o)
                0x000000000000344c                __malloc_unlock
 .text.printf   0x0000000000003458       0x28 /usr/bin/../lib/gcc/arm-none-eabi/7.3.1/../../../../arm-none-eabi/lib/thumb/v7e-m/fpv4-sp/hard/libc.a(lib_a-printf.o)
                0x0000000000003458                printf
 .text._sbrk_r  0x0000000000003480       0x24 /usr/bin/../lib/gcc/arm-none-eabi/7.3.1/../../../../arm-none-eabi/lib/thumb/v7e-m/fpv4-sp/hard/libc.a(lib_a-sbrkr.o)
                0x0000000000003480                _sbrk_r
 .text.setbuf   0x00000000000034a4       0x10 /usr/bin/../lib/gcc/arm-none-eabi/7.3.1/../../../../arm-none-eabi/lib/thumb/v7e-m/fpv4-sp/hard/libc.a(lib_a-setbuf.o)
                0x00000000000034a4                setbuf
 .text.setvbuf  0x00000000000034b4      0x180 /usr/bin/../lib/gcc/arm-none-eabi/7.3.1/../../../../arm-none-eabi/lib/thumb/v7e-m/fpv4-sp/hard/libc.a(lib_a-setvbuf.o)
                0x00000000000034b4                setvbuf
 .text.strcpy   0x0000000000003634       0xbc /usr/bin/../lib/gcc/arm-none-eabi/7.3.1/../../../../arm-none-eabi/lib/thumb/v7e-m/fpv4-sp/hard/libc.a(lib_a-strcpy.o)
                0x0000000000003634                strcpy
 *fill*         0x00000000000036f0       0x10 
 .text          0x0000000000003700       0xdc /usr/bin/../lib/gcc/arm-none-eabi/7.3.1/../../../../arm-none-eabi/lib/thumb/v7e-m/fpv4-sp/hard/libc.a(lib_a-strlen.o)
                0x0000000000003700                strlen
 *fill*         0x00000000000037dc        0x4 
 .text._vfprintf_r
                0x00000000000037e0     0x1a7c /usr/bin/../lib/gcc/arm-none-eabi/7.3.1/../../../../arm-none-eabi/lib/thumb/v7e-m/fpv4-sp/hard/libc.a(lib_a-vfprintf.o)
                0x00000000000037e0                _vfprintf_r
 .text.__sbprintf
                0x000000000000525c       0x84 /usr/bin/../lib/gcc/arm-none-eabi/7.3.1/../../../../arm-none-eabi/lib/thumb/v7e-m/fpv4-sp/hard/libc.a(lib_a-vfprintf.o)
 .text.__ascii_wctomb
                0x00000000000052e0       0x1c /usr/bin/../lib/gcc/arm-none-eabi/7.3.1/../../../../arm-none-eabi/lib/thumb/v7e-m/fpv4-sp/hard/libc.a(lib_a-wctomb_r.o)
                0x00000000000052e0                __ascii_wctomb
 .text.__swsetup_r
                0x00000000000052fc       0xcc /usr/bin/../lib/gcc/arm-none-eabi/7.3.1/../../../../arm-none-eabi/lib/thumb/v7e-m/fpv4-sp/hard/libc.a(lib_a-wsetup.o)
                0x00000000000052fc                __swsetup_r
 .text.startup.register_fini
                0x00000000000053c8       0x14 /usr/bin/../lib/gcc/arm-none-eabi/7.3.1/../../../../arm-none-eabi/lib/thumb/v7e-m/fpv4-sp/hard/libc.a(lib_a-__call_atexit.o)
 .text.__call_exitprocs
                0x00000000000053dc       0xe8 /usr/bin/../lib/gcc/arm-none-eabi/7.3.1/../../../../arm-none-eabi/lib/thumb/v7e-m/fpv4-sp/hard/libc.a(lib_a-__call_atexit.o)
                0x00000000000053dc                __call_exitprocs
 .text.atexit   0x00000000000054c4        0xc /usr/bin/../lib/gcc/arm-none-eabi/7.3.1/../../../../arm-none-eabi/lib/thumb/v7e-m/fpv4-sp/hard/libc.a(lib_a-atexit.o)
                0x00000000000054c4                atexit
 .text.quorem   0x00000000000054d0      0x124 /usr/bin/../lib/gcc/arm-none-eabi/7.3.1/../../../../arm-none-eabi/lib/thumb/v7e-m/fpv4-sp/hard/libc.a(lib_a-dtoa.o)
 *fill*         0x00000000000055f4        0x4 
 .text._dtoa_r  0x00000000000055f8      0xe20 /usr/bin/../lib/gcc/arm-none-eabi/7.3.1/../../../../arm-none-eabi/lib/thumb/v7e-m/fpv4-sp/hard/libc.a(lib_a-dtoa.o)
                0x00000000000055f8                _dtoa_r
 .text.__sflush_r
                0x0000000000006418      0x154 /usr/bin/../lib/gcc/arm-none-eabi/7.3.1/../../../../arm-none-eabi/lib/thumb/v7e-m/fpv4-sp/hard/libc.a(lib_a-fflush.o)
                0x0000000000006418                __sflush_r
 .text._fflush_r
                0x000000000000656c       0x5c /usr/bin/../lib/gcc/arm-none-eabi/7.3.1/../../../../arm-none-eabi/lib/thumb/v7e-m/fpv4-sp/hard/libc.a(lib_a-fflush.o)
                0x000000000000656c                _fflush_r
 .text.std      0x00000000000065c8       0x50 /usr/bin/../lib/gcc/arm-none-eabi/7.3.1/../../../../arm-none-eabi/lib/thumb/v7e-m/fpv4-sp/hard/libc.a(lib_a-findfp.o)
 .text._cleanup_r
                0x0000000000006618        0xc /usr/bin/../lib/gcc/arm-none-eabi/7.3.1/../../../../arm-none-eabi/lib/thumb/v7e-m/fpv4-sp/hard/libc.a(lib_a-findfp.o)
                0x0000000000006618                _cleanup_r
 .text.__sinit  0x0000000000006624       0x58 /usr/bin/../lib/gcc/arm-none-eabi/7.3.1/../../../../arm-none-eabi/lib/thumb/v7e-m/fpv4-sp/hard/libc.a(lib_a-findfp.o)
                0x0000000000006624                __sinit
 .text.__sfp_lock_acquire
                0x000000000000667c        0xc /usr/bin/../lib/gcc/arm-none-eabi/7.3.1/../../../../arm-none-eabi/lib/thumb/v7e-m/fpv4-sp/hard/libc.a(lib_a-findfp.o)
                0x000000000000667c                __sfp_lock_acquire
 .text.__sfp_lock_release
                0x0000000000006688        0xc /usr/bin/../lib/gcc/arm-none-eabi/7.3.1/../../../../arm-none-eabi/lib/thumb/v7e-m/fpv4-sp/hard/libc.a(lib_a-findfp.o)
                0x0000000000006688                __sfp_lock_release
 .text.__libc_fini_array
                0x0000000000006694       0x34 /usr/bin/../lib/gcc/arm-none-eabi/7.3.1/../../../../arm-none-eabi/lib/thumb/v7e-m/fpv4-sp/hard/libc.a(lib_a-fini.o)
                0x0000000000006694                __libc_fini_array
 .text._malloc_trim_r
                0x00000000000066c8       0xa0 /usr/bin/../lib/gcc/arm-none-eabi/7.3.1/../../../../arm-none-eabi/lib/thumb/v7e-m/fpv4-sp/hard/libc.a(lib_a-freer.o)
                0x00000000000066c8                _malloc_trim_r
 .text._free_r  0x0000000000006768      0x1e8 /usr/bin/../lib/gcc/arm-none-eabi/7.3.1/../../../../arm-none-eabi/lib/thumb/v7e-m/fpv4-sp/hard/libc.a(lib_a-freer.o)
                0x0000000000006768                _free_r
 .text._fwalk_reent
                0x0000000000006950       0x54 /usr/bin/../lib/gcc/arm-none-eabi/7.3.1/../../../../arm-none-eabi/lib/thumb/v7e-m/fpv4-sp/hard/libc.a(lib_a-fwalk.o)
                0x0000000000006950                _fwalk_reent
 .text._localeconv_r
                0x00000000000069a4       0x1c /usr/bin/../lib/gcc/arm-none-eabi/7.3.1/../../../../arm-none-eabi/lib/thumb/v7e-m/fpv4-sp/hard/libc.a(lib_a-localeconv.o)
                0x00000000000069a4                _localeconv_r
 .text.__retarget_lock_init_recursive
                0x00000000000069c0        0x4 /usr/bin/../lib/gcc/arm-none-eabi/7.3.1/../../../../arm-none-eabi/lib/thumb/v7e-m/fpv4-sp/hard/libc.a(lib_a-lock.o)
                0x00000000000069c0                __retarget_lock_init_recursive
 .text.__retarget_lock_close_recursive
                0x00000000000069c4        0x4 /usr/bin/../lib/gcc/arm-none-eabi/7.3.1/../../../../arm-none-eabi/lib/thumb/v7e-m/fpv4-sp/hard/libc.a(lib_a-lock.o)
                0x00000000000069c4                __retarget_lock_close_recursive
 .text.__retarget_lock_acquire_recursive
                0x00000000000069c8        0x4 /usr/bin/../lib/gcc/arm-none-eabi/7.3.1/../../../../arm-none-eabi/lib/thumb/v7e-m/fpv4-sp/hard/libc.a(lib_a-lock.o)
                0x00000000000069c8                __retarget_lock_acquire_recursive
 .text.__retarget_lock_release_recursive
                0x00000000000069cc        0x4 /usr/bin/../lib/gcc/arm-none-eabi/7.3.1/../../../../arm-none-eabi/lib/thumb/v7e-m/fpv4-sp/hard/libc.a(lib_a-lock.o)
                0x00000000000069cc                __retarget_lock_release_recursive
 .text.__swhatbuf_r
                0x00000000000069d0       0x5c /usr/bin/../lib/gcc/arm-none-eabi/7.3.1/../../../../arm-none-eabi/lib/thumb/v7e-m/fpv4-sp/hard/libc.a(lib_a-makebuf.o)
                0x00000000000069d0                __swhatbuf_r
 .text.__smakebuf_r
                0x0000000000006a2c       0x94 /usr/bin/../lib/gcc/arm-none-eabi/7.3.1/../../../../arm-none-eabi/lib/thumb/v7e-m/fpv4-sp/hard/libc.a(lib_a-makebuf.o)
                0x0000000000006a2c                __smakebuf_r
 .text          0x0000000000006ac0       0xa0 /usr/bin/../lib/gcc/arm-none-eabi/7.3.1/../../../../arm-none-eabi/lib/thumb/v7e-m/fpv4-sp/hard/libc.a(lib_a-memchr.o)
                0x0000000000006ac0                memchr
 .text._Balloc  0x0000000000006b60       0x4c /usr/bin/../lib/gcc/arm-none-eabi/7.3.1/../../../../arm-none-eabi/lib/thumb/v7e-m/fpv4-sp/hard/libc.a(lib_a-mprec.o)
                0x0000000000006b60                _Balloc
 .text._Bfree   0x0000000000006bac       0x14 /usr/bin/../lib/gcc/arm-none-eabi/7.3.1/../../../../arm-none-eabi/lib/thumb/v7e-m/fpv4-sp/hard/libc.a(lib_a-mprec.o)
                0x0000000000006bac                _Bfree
 .text.__multadd
                0x0000000000006bc0       0x80 /usr/bin/../lib/gcc/arm-none-eabi/7.3.1/../../../../arm-none-eabi/lib/thumb/v7e-m/fpv4-sp/hard/libc.a(lib_a-mprec.o)
                0x0000000000006bc0                __multadd
 .text.__hi0bits
                0x0000000000006c40       0x40 /usr/bin/../lib/gcc/arm-none-eabi/7.3.1/../../../../arm-none-eabi/lib/thumb/v7e-m/fpv4-sp/hard/libc.a(lib_a-mprec.o)
                0x0000000000006c40                __hi0bits
 .text.__lo0bits
                0x0000000000006c80       0x60 /usr/bin/../lib/gcc/arm-none-eabi/7.3.1/../../../../arm-none-eabi/lib/thumb/v7e-m/fpv4-sp/hard/libc.a(lib_a-mprec.o)
                0x0000000000006c80                __lo0bits
 .text.__i2b    0x0000000000006ce0       0x14 /usr/bin/../lib/gcc/arm-none-eabi/7.3.1/../../../../arm-none-eabi/lib/thumb/v7e-m/fpv4-sp/hard/libc.a(lib_a-mprec.o)
                0x0000000000006ce0                __i2b
 .text.__multiply
                0x0000000000006cf4      0x14c /usr/bin/../lib/gcc/arm-none-eabi/7.3.1/../../../../arm-none-eabi/lib/thumb/v7e-m/fpv4-sp/hard/libc.a(lib_a-mprec.o)
                0x0000000000006cf4                __multiply
 .text.__pow5mult
                0x0000000000006e40       0xa0 /usr/bin/../lib/gcc/arm-none-eabi/7.3.1/../../../../arm-none-eabi/lib/thumb/v7e-m/fpv4-sp/hard/libc.a(lib_a-mprec.o)
                0x0000000000006e40                __pow5mult
 .text.__lshift
                0x0000000000006ee0       0xac /usr/bin/../lib/gcc/arm-none-eabi/7.3.1/../../../../arm-none-eabi/lib/thumb/v7e-m/fpv4-sp/hard/libc.a(lib_a-mprec.o)
                0x0000000000006ee0                __lshift
 .text.__mcmp   0x0000000000006f8c       0x38 /usr/bin/../lib/gcc/arm-none-eabi/7.3.1/../../../../arm-none-eabi/lib/thumb/v7e-m/fpv4-sp/hard/libc.a(lib_a-mprec.o)
                0x0000000000006f8c                __mcmp
 .text.__mdiff  0x0000000000006fc4       0xec /usr/bin/../lib/gcc/arm-none-eabi/7.3.1/../../../../arm-none-eabi/lib/thumb/v7e-m/fpv4-sp/hard/libc.a(lib_a-mprec.o)
                0x0000000000006fc4                __mdiff
 .text.__d2b    0x00000000000070b0       0xc4 /usr/bin/../lib/gcc/arm-none-eabi/7.3.1/../../../../arm-none-eabi/lib/thumb/v7e-m/fpv4-sp/hard/libc.a(lib_a-mprec.o)
                0x00000000000070b0                __d2b
 .text.frexp    0x0000000000007174       0x68 /usr/bin/../lib/gcc/arm-none-eabi/7.3.1/../../../../arm-none-eabi/lib/thumb/v7e-m/fpv4-sp/hard/libc.a(lib_a-s_frexp.o)
                0x0000000000007174                frexp
 .text.__sread  0x00000000000071dc       0x24 /usr/bin/../lib/gcc/arm-none-eabi/7.3.1/../../../../arm-none-eabi/lib/thumb/v7e-m/fpv4-sp/hard/libc.a(lib_a-stdio.o)
                0x00000000000071dc                __sread
 .text.__swrite
                0x0000000000007200       0x3c /usr/bin/../lib/gcc/arm-none-eabi/7.3.1/../../../../arm-none-eabi/lib/thumb/v7e-m/fpv4-sp/hard/libc.a(lib_a-stdio.o)
                0x0000000000007200                __swrite
 .text.__sseek  0x000000000000723c       0x20 /usr/bin/../lib/gcc/arm-none-eabi/7.3.1/../../../../arm-none-eabi/lib/thumb/v7e-m/fpv4-sp/hard/libc.a(lib_a-stdio.o)
                0x000000000000723c                __sseek
 .text.__sclose
                0x000000000000725c        0x8 /usr/bin/../lib/gcc/arm-none-eabi/7.3.1/../../../../arm-none-eabi/lib/thumb/v7e-m/fpv4-sp/hard/libc.a(lib_a-stdio.o)
                0x000000000000725c                __sclose
 .text.strncpy  0x0000000000007264       0x64 /usr/bin/../lib/gcc/arm-none-eabi/7.3.1/../../../../arm-none-eabi/lib/thumb/v7e-m/fpv4-sp/hard/libc.a(lib_a-strncpy.o)
                0x0000000000007264                strncpy
 .text.__sprint_r.part.0
                0x00000000000072c8       0x78 /usr/bin/../lib/gcc/arm-none-eabi/7.3.1/../../../../arm-none-eabi/lib/thumb/v7e-m/fpv4-sp/hard/libc.a(lib_a-vfiprintf.o)
 .text.__sprint_r
                0x0000000000007340       0x14 /usr/bin/../lib/gcc/arm-none-eabi/7.3.1/../../../../arm-none-eabi/lib/thumb/v7e-m/fpv4-sp/hard/libc.a(lib_a-vfiprintf.o)
                0x0000000000007340                __sprint_r
 .text.__register_exitproc
                0x0000000000007354       0xc0 /usr/bin/../lib/gcc/arm-none-eabi/7.3.1/../../../../arm-none-eabi/lib/thumb/v7e-m/fpv4-sp/hard/libc.a(lib_a-__atexit.o)
                0x0000000000007354                __register_exitproc
 .text._calloc_r
                0x0000000000007414       0x68 /usr/bin/../lib/gcc/arm-none-eabi/7.3.1/../../../../arm-none-eabi/lib/thumb/v7e-m/fpv4-sp/hard/libc.a(lib_a-callocr.o)
                0x0000000000007414                _calloc_r
 .text._close_r
                0x000000000000747c       0x24 /usr/bin/../lib/gcc/arm-none-eabi/7.3.1/../../../../arm-none-eabi/lib/thumb/v7e-m/fpv4-sp/hard/libc.a(lib_a-closer.o)
                0x000000000000747c                _close_r
 .text._fclose_r
                0x00000000000074a0       0xd0 /usr/bin/../lib/gcc/arm-none-eabi/7.3.1/../../../../arm-none-eabi/lib/thumb/v7e-m/fpv4-sp/hard/libc.a(lib_a-fclose.o)
                0x00000000000074a0                _fclose_r
 .text.__fputwc
                0x0000000000007570       0xa0 /usr/bin/../lib/gcc/arm-none-eabi/7.3.1/../../../../arm-none-eabi/lib/thumb/v7e-m/fpv4-sp/hard/libc.a(lib_a-fputwc.o)
                0x0000000000007570                __fputwc
 .text._fputwc_r
                0x0000000000007610       0x64 /usr/bin/../lib/gcc/arm-none-eabi/7.3.1/../../../../arm-none-eabi/lib/thumb/v7e-m/fpv4-sp/hard/libc.a(lib_a-fputwc.o)
                0x0000000000007610                _fputwc_r
 .text._fstat_r
                0x0000000000007674       0x28 /usr/bin/../lib/gcc/arm-none-eabi/7.3.1/../../../../arm-none-eabi/lib/thumb/v7e-m/fpv4-sp/hard/libc.a(lib_a-fstatr.o)
                0x0000000000007674                _fstat_r
 .text.__sfvwrite_r
                0x000000000000769c      0x2fc /usr/bin/../lib/gcc/arm-none-eabi/7.3.1/../../../../arm-none-eabi/lib/thumb/v7e-m/fpv4-sp/hard/libc.a(lib_a-fvwrite.o)
                0x000000000000769c                __sfvwrite_r
 .text._isatty_r
                0x0000000000007998       0x24 /usr/bin/../lib/gcc/arm-none-eabi/7.3.1/../../../../arm-none-eabi/lib/thumb/v7e-m/fpv4-sp/hard/libc.a(lib_a-isattyr.o)
                0x0000000000007998                _isatty_r
 .text._lseek_r
                0x00000000000079bc       0x2c /usr/bin/../lib/gcc/arm-none-eabi/7.3.1/../../../../arm-none-eabi/lib/thumb/v7e-m/fpv4-sp/hard/libc.a(lib_a-lseekr.o)
                0x00000000000079bc                _lseek_r
 .text.memmove  0x00000000000079e8       0xc8 /usr/bin/../lib/gcc/arm-none-eabi/7.3.1/../../../../arm-none-eabi/lib/thumb/v7e-m/fpv4-sp/hard/libc.a(lib_a-memmove.o)
                0x00000000000079e8                memmove
 .text._read_r  0x0000000000007ab0       0x2c /usr/bin/../lib/gcc/arm-none-eabi/7.3.1/../../../../arm-none-eabi/lib/thumb/v7e-m/fpv4-sp/hard/libc.a(lib_a-readr.o)
                0x0000000000007ab0                _read_r
 .text._realloc_r
                0x0000000000007adc      0x35c /usr/bin/../lib/gcc/arm-none-eabi/7.3.1/../../../../arm-none-eabi/lib/thumb/v7e-m/fpv4-sp/hard/libc.a(lib_a-reallocr.o)
                0x0000000000007adc                _realloc_r
 .text.__swbuf_r
                0x0000000000007e38       0xb0 /usr/bin/../lib/gcc/arm-none-eabi/7.3.1/../../../../arm-none-eabi/lib/thumb/v7e-m/fpv4-sp/hard/libc.a(lib_a-wbuf.o)
                0x0000000000007e38                __swbuf_r
 .text._wcrtomb_r
                0x0000000000007ee8       0x50 /usr/bin/../lib/gcc/arm-none-eabi/7.3.1/../../../../arm-none-eabi/lib/thumb/v7e-m/fpv4-sp/hard/libc.a(lib_a-wcrtomb.o)
                0x0000000000007ee8                _wcrtomb_r
 .text._close   0x0000000000007f38       0x10 /usr/bin/../lib/gcc/arm-none-eabi/7.3.1/../../../../arm-none-eabi/lib/thumb/v7e-m/fpv4-sp/hard/libnosys.a(close.o)
                0x0000000000007f38                _close
 .text._fstat   0x0000000000007f48       0x10 /usr/bin/../lib/gcc/arm-none-eabi/7.3.1/../../../../arm-none-eabi/lib/thumb/v7e-m/fpv4-sp/hard/libnosys.a(fstat.o)
                0x0000000000007f48                _fstat
 .text._isatty  0x0000000000007f58       0x10 /usr/bin/../lib/gcc/arm-none-eabi/7.3.1/../../../../arm-none-eabi/lib/thumb/v7e-m/fpv4-sp/hard/libnosys.a(isatty.o)
                0x0000000000007f58                _isatty
 .text._lseek   0x0000000000007f68       0x10 /usr/bin/../lib/gcc/arm-none-eabi/7.3.1/../../../../arm-none-eabi/lib/thumb/v7e-m/fpv4-sp/hard/libnosys.a(lseek.o)
                0x0000000000007f68                _lseek
 .text._read    0x0000000000007f78       0x10 /usr/bin/../lib/gcc/arm-none-eabi/7.3.1/../../../../arm-none-eabi/lib/thumb/v7e-m/fpv4-sp/hard/libnosys.a(read.o)
                0x0000000000007f78                _read
 .text._sbrk    0x0000000000007f88       0x1c /usr/bin/../lib/gcc/arm-none-eabi/7.3.1/../../../../arm-none-eabi/lib/thumb/v7e-m/fpv4-sp/hard/libnosys.a(sbrk.o)
                0x0000000000007f88                _sbrk
 .text._exit    0x0000000000007fa4        0x4 /usr/bin/../lib/gcc/arm-none-eabi/7.3.1/../../../../arm-none-eabi/lib/thumb/v7e-m/fpv4-sp/hard/libnosys.a(_exit.o)
                0x0000000000007fa4                _exit
 .text          0x0000000000007fa8      0x378 /usr/bin/../lib/gcc/arm-none-eabi/7.3.1/thumb/v7e-m/fpv4-sp/hard/libgcc.a(_arm_addsubdf3.o)
                0x0000000000007fa8                __aeabi_drsub
                0x0000000000007fb0                __aeabi_dsub
                0x0000000000007fb0                __subdf3
                0x0000000000007fb4                __adddf3
                0x0000000000007fb4                __aeabi_dadd
                0x000000000000822c                __aeabi_ui2d
                0x000000000000822c                __floatunsidf
                0x000000000000824c                __floatsidf
                0x000000000000824c                __aeabi_i2d
                0x0000000000008270                __extendsfdf2
                0x0000000000008270                __aeabi_f2d
                0x00000000000082b4                __aeabi_ul2d
                0x00000000000082b4                __floatundidf
                0x00000000000082c4                __floatdidf
                0x00000000000082c4                __aeabi_l2d
 .text          0x0000000000008320      0x424 /usr/bin/../lib/gcc/arm-none-eabi/7.3.1/thumb/v7e-m/fpv4-sp/hard/libgcc.a(_arm_muldivdf3.o)
                0x0000000000008320                __aeabi_dmul
                0x0000000000008320                __muldf3
                0x0000000000008574                __aeabi_ddiv
                0x0000000000008574                __divdf3
 .text          0x0000000000008744      0x110 /usr/bin/../lib/gcc/arm-none-eabi/7.3.1/thumb/v7e-m/fpv4-sp/hard/libgcc.a(_arm_cmpdf2.o)
                0x0000000000008744                __gtdf2
                0x0000000000008744                __gedf2
                0x000000000000874c                __ltdf2
                0x000000000000874c                __ledf2
                0x0000000000008754                __cmpdf2
                0x0000000000008754                __eqdf2
                0x0000000000008754                __nedf2
                0x00000000000087d0                __aeabi_cdrcmple
                0x00000000000087e0                __aeabi_cdcmple
                0x00000000000087e0                __aeabi_cdcmpeq
                0x00000000000087f0                __aeabi_dcmpeq
                0x0000000000008804                __aeabi_dcmplt
                0x0000000000008818                __aeabi_dcmple
                0x000000000000882c                __aeabi_dcmpge
                0x0000000000008840                __aeabi_dcmpgt
 .text          0x0000000000008854       0x2c /usr/bin/../lib/gcc/arm-none-eabi/7.3.1/thumb/v7e-m/fpv4-sp/hard/libgcc.a(_arm_unorddf2.o)
                0x0000000000008854                __aeabi_dcmpun
                0x0000000000008854                __unorddf2
 .text          0x0000000000008880       0x50 /usr/bin/../lib/gcc/arm-none-eabi/7.3.1/thumb/v7e-m/fpv4-sp/hard/libgcc.a(_arm_fixdfsi.o)
                0x0000000000008880                __fixdfsi
                0x0000000000008880                __aeabi_d2iz
 .text          0x00000000000088d0       0x30 /usr/bin/../lib/gcc/arm-none-eabi/7.3.1/thumb/v7e-m/fpv4-sp/hard/libgcc.a(_aeabi_uldivmod.o)
                0x00000000000088d0                __aeabi_uldivmod
 .text          0x0000000000008900      0x2cc /usr/bin/../lib/gcc/arm-none-eabi/7.3.1/thumb/v7e-m/fpv4-sp/hard/libgcc.a(_udivmoddi4.o)
                0x0000000000008900                __udivmoddi4
 .text          0x0000000000008bcc        0x4 /usr/bin/../lib/gcc/arm-none-eabi/7.3.1/thumb/v7e-m/fpv4-sp/hard/libgcc.a(_dvmd_tls.o)
                0x0000000000008bcc                __aeabi_ldiv0
                0x0000000000008bcc                __aeabi_idiv0
 *(.init)
 .init          0x0000000000008bd0        0x4 /usr/bin/../lib/gcc/arm-none-eabi/7.3.1/thumb/v7e-m/fpv4-sp/hard/crti.o
                0x0000000000008bd0                _init
 .init          0x0000000000008bd4        0x8 /usr/bin/../lib/gcc/arm-none-eabi/7.3.1/thumb/v7e-m/fpv4-sp/hard/crtn.o
 *(.fini)
 .fini          0x0000000000008bdc        0x4 /usr/bin/../lib/gcc/arm-none-eabi/7.3.1/thumb/v7e-m/fpv4-sp/hard/crti.o
                0x0000000000008bdc                _fini
 .fini          0x0000000000008be0        0x8 /usr/bin/../lib/gcc/arm-none-eabi/7.3.1/thumb/v7e-m/fpv4-sp/hard/crtn.o
 *crtbegin.o(.ctors)
 *crtbegin?.o(.ctors)
 *(EXCLUDE_FILE(*crtend.o *crtend?.o) .ctors)
 *(SORT_BY_NAME(.ctors.*))
 *(.ctors)
 *crtbegin.o(.dtors)
 *crtbegin?.o(.dtors)
 *(EXCLUDE_FILE(*crtend.o *crtend?.o) .dtors)
 *(SORT_BY_NAME(.dtors.*))
 *(.dtors)
 *(.rodata*)
 *fill*         0x0000000000008be8        0x8 
 .rodata.delay_machine_code.8185
                0x0000000000008bf0        0x6 _build/virtual_timer_linked_list.o
 .rodata.list_insert_sorted.str1.1
                0x0000000000008bf6       0x5e _build/virtual_timer_linked_list.o
 .rodata.list_remove.str1.1
                0x0000000000008c54       0x40 _build/virtual_timer_linked_list.o
 *fill*         0x0000000000008c94        0xc 
 .rodata.delay_machine_code.8224
                0x0000000000008ca0        0x6 _build/main.o
 .rodata.led0_toggle.str1.1
                0x0000000000008ca6        0xf _build/main.o
 .rodata.led1_toggle.str1.1
                0x0000000000008cb5        0xf _build/main.o
 .rodata.main.str1.1
                0x0000000000008cc4       0x1b _build/main.o
 .rodata.app_error_fault_handler.str1.1
                0x0000000000008cdf       0x78 _build/better_error_handling.o
 *fill*         0x0000000000008d57        0x9 
 .rodata.delay_machine_code.8197
                0x0000000000008d60        0x6 _build/better_error_handling.o
 .rodata._DoInit.str1.1
                0x0000000000008d66       0x14 _build/SEGGER_RTT.o
 *fill*         0x0000000000008d7a        0x6 
 .rodata.delay_machine_code.8843
                0x0000000000008d80        0x6 _build/app_timer.o
 .rodata.app_util_critical_region_enter.str1.1
                0x0000000000008d86       0x55 _build/app_util_platform.o
 .rodata.HardFault_c_handler.str1.1
                0x0000000000008ddb      0x12e _build/hardfault_implementation.o
 *fill*         0x0000000000008f09        0x3 
 .rodata.cfsr_msgs.9036
                0x0000000000008f0c       0x68 _build/hardfault_implementation.o
 .rodata.str1.1
                0x0000000000008f74      0x4c0 _build/hardfault_implementation.o
 .rodata.nrf_balloc_init.str1.1
                0x0000000000009434       0x50 _build/nrf_balloc.o
 .rodata.str1.1
                0x0000000000009484        0x6 _build/nrf_drv_clock.o
 .rodata.nrf_fprintf_buffer_flush.str1.1
                0x000000000000948a       0x46 _build/nrf_fprintf.o
 .rodata._aV2C.7519
                0x00000000000094d0       0x10 _build/nrf_fprintf_format.o
 .rodata.nrf_fprintf_fmt.str1.1
                0x00000000000094e0       0x4d _build/nrf_fprintf_format.o
 .rodata.str1.1
                0x000000000000952d        0xd _build/nrf_fstorage.o
 *fill*         0x000000000000953a        0x6 
 .rodata.delay_machine_code.9117
                0x0000000000009540        0x6 _build/nrf_log_backend_rtt.o
 *fill*         0x0000000000009546        0x2 
 .rodata.nrf_log_backend_rtt_api
                0x0000000000009548        0xc _build/nrf_log_backend_rtt.o
                0x0000000000009548                nrf_log_backend_rtt_api
 .rodata.nrf_log_default_backends_init.str1.1
                0x0000000000009554       0x5f _build/nrf_log_default_backends.o
 .rodata.str1.1
                0x00000000000095b3       0x10 _build/nrf_log_default_backends.o
 .rodata.buf_prealloc.str1.1
                0x00000000000095c3       0x57 _build/nrf_log_frontend.o
 *fill*         0x000000000000961a        0x2 
 .rodata.m_log_push_ringbuf
                0x000000000000961c        0xc _build/nrf_log_frontend.o
 .rodata.nrf_log_frontend_dequeue.str1.1
                0x0000000000009628       0x11 _build/nrf_log_frontend.o
 .rodata.str1.1
                0x0000000000009639        0x4 _build/nrf_log_frontend.o
 *fill*         0x000000000000963d        0x3 
 .rodata.m_colors
                0x0000000000009640       0x24 _build/nrf_log_str_formatter.o
 .rodata.nrf_log_hexdump_entry_process.str1.1
                0x0000000000009664        0xf _build/nrf_log_str_formatter.o
                                         0x11 (size before relaxing)
 .rodata.postfix_process.str1.1
                0x0000000000009673        0x8 _build/nrf_log_str_formatter.o
                                          0xb (size before relaxing)
 .rodata.prefix_process.str1.1
                0x000000000000967b       0x2a _build/nrf_log_str_formatter.o
 *fill*         0x00000000000096a5        0x3 
 .rodata.severity_names
                0x00000000000096a8       0x14 _build/nrf_log_str_formatter.o
 .rodata.str1.1
                0x00000000000096bc       0x4b _build/nrf_log_str_formatter.o
                                         0x51 (size before relaxing)
 .rodata.memobj_op.str1.1
                0x0000000000009707       0x50 _build/nrf_memobj.o
 .rodata.str1.1
                0x0000000000009757        0x9 _build/nrf_pwr_mgmt.o
 .rodata.m_unknown_str
                0x0000000000009760       0x13 _build/nrf_strerror.o
 *fill*         0x0000000000009773        0x1 
 .rodata.nrf_strerror_array
                0x0000000000009774      0x118 _build/nrf_strerror.o
 .rodata.str1.1
                0x000000000000988c      0x391 _build/nrf_strerror.o
 .rodata.str1.1
                0x0000000000009c1d        0x6 _build/nrfx_clock.o
 .rodata.nrf_gpio_pin_port_decode.isra.0.part.1.str1.1
                0x0000000000009c23       0x43 _build/nrfx_gpiote.o
 .rodata.nrfx_gpiote_out_init.str1.1
                0x0000000000009c66       0x4e _build/nrfx_gpiote.o
 .rodata.str1.1
                0x0000000000009cb4        0x7 _build/nrfx_gpiote.o
 .rodata.str1.1
                0x0000000000009cbb        0x4 _build/nrfx_ppi.o
 .rodata.UARTE0_UART0_IRQHandler.str1.1
                0x0000000000009cbf       0x4f _build/nrfx_prs.o
 .rodata.str1.1
                0x0000000000009d0e        0x4 _build/nrfx_prs.o
 .rodata.str1.1
                0x0000000000009d12        0x4 _build/nrfx_pwm.o
 .rodata.str1.1
                0x0000000000009d16        0x6 _build/nrfx_saadc.o
 .rodata.SPIM1_SPIS1_TWIM1_TWIS1_SPI1_TWI1_IRQHandler.str1.1
                0x0000000000009d1c       0x4c _build/nrfx_spim.o
 .rodata.nrf_gpio_pin_port_decode.isra.0.part.1.str1.1
                0x0000000000009d68       0x43 _build/nrfx_spim.o
 .rodata.str1.1
                0x0000000000009d68        0x5 _build/nrfx_spim.o
 .rodata.str1.1
                0x0000000000009d6d        0x6 _build/nrfx_timer.o
 .rodata.SPIM0_SPIS0_TWIM0_TWIS0_SPI0_TWI0_IRQHandler.str1.1
                0x0000000000009d73       0x4c _build/nrfx_twim.o
 .rodata.str1.1
                0x0000000000009dbf        0x5 _build/nrfx_twim.o
 .rodata.str1.1
                0x0000000000009dc4        0x5 _build/nrfx_uart.o
 .rodata.str1.1
                0x0000000000009dc9        0x6 _build/nrfx_uarte.o
 *fill*         0x0000000000009dcf        0x1 
 .rodata._global_impure_ptr
                0x0000000000009dd0        0x4 /usr/bin/../lib/gcc/arm-none-eabi/7.3.1/../../../../arm-none-eabi/lib/thumb/v7e-m/fpv4-sp/hard/libc.a(lib_a-impure.o)
                0x0000000000009dd0                _global_impure_ptr
 .rodata._setlocale_r.str1.4
                0x0000000000009dd4        0xa /usr/bin/../lib/gcc/arm-none-eabi/7.3.1/../../../../arm-none-eabi/lib/thumb/v7e-m/fpv4-sp/hard/libc.a(lib_a-locale.o)
                                          0xd (size before relaxing)
 *fill*         0x0000000000009dde        0x2 
 .rodata.str1.4
                0x0000000000009de0        0x2 /usr/bin/../lib/gcc/arm-none-eabi/7.3.1/../../../../arm-none-eabi/lib/thumb/v7e-m/fpv4-sp/hard/libc.a(lib_a-locale.o)
 *fill*         0x0000000000009de2        0x2 
 .rodata._vfprintf_r.str1.4
                0x0000000000009de4       0x42 /usr/bin/../lib/gcc/arm-none-eabi/7.3.1/../../../../arm-none-eabi/lib/thumb/v7e-m/fpv4-sp/hard/libc.a(lib_a-vfprintf.o)
 *fill*         0x0000000000009e26        0x2 
 .rodata.blanks.8605
                0x0000000000009e28       0x10 /usr/bin/../lib/gcc/arm-none-eabi/7.3.1/../../../../arm-none-eabi/lib/thumb/v7e-m/fpv4-sp/hard/libc.a(lib_a-vfprintf.o)
 .rodata.zeroes.8606
                0x0000000000009e38       0x10 /usr/bin/../lib/gcc/arm-none-eabi/7.3.1/../../../../arm-none-eabi/lib/thumb/v7e-m/fpv4-sp/hard/libc.a(lib_a-vfprintf.o)
 .rodata._ctype_
                0x0000000000009e48      0x101 /usr/bin/../lib/gcc/arm-none-eabi/7.3.1/../../../../arm-none-eabi/lib/thumb/v7e-m/fpv4-sp/hard/libc.a(lib_a-ctype_.o)
                0x0000000000009e48                _ctype_
 *fill*         0x0000000000009f49        0x3 
 .rodata._dtoa_r.str1.4
                0x0000000000009f4c       0x10 /usr/bin/../lib/gcc/arm-none-eabi/7.3.1/../../../../arm-none-eabi/lib/thumb/v7e-m/fpv4-sp/hard/libc.a(lib_a-dtoa.o)
                                         0x12 (size before relaxing)
 *fill*         0x0000000000009f5c        0x4 
 .rodata.__mprec_bigtens
                0x0000000000009f60       0x28 /usr/bin/../lib/gcc/arm-none-eabi/7.3.1/../../../../arm-none-eabi/lib/thumb/v7e-m/fpv4-sp/hard/libc.a(lib_a-mprec.o)
                0x0000000000009f60                __mprec_bigtens
 .rodata.__mprec_tens
                0x0000000000009f88       0xc8 /usr/bin/../lib/gcc/arm-none-eabi/7.3.1/../../../../arm-none-eabi/lib/thumb/v7e-m/fpv4-sp/hard/libc.a(lib_a-mprec.o)
                0x0000000000009f88                __mprec_tens
 .rodata.p05.7367
                0x000000000000a050        0xc /usr/bin/../lib/gcc/arm-none-eabi/7.3.1/../../../../arm-none-eabi/lib/thumb/v7e-m/fpv4-sp/hard/libc.a(lib_a-mprec.o)
 *(.eh_frame*)
 .eh_frame      0x000000000000a05c        0x0 /usr/bin/../lib/gcc/arm-none-eabi/7.3.1/thumb/v7e-m/fpv4-sp/hard/crtbegin.o
 .eh_frame      0x000000000000a05c        0x4 /usr/bin/../lib/gcc/arm-none-eabi/7.3.1/thumb/v7e-m/fpv4-sp/hard/crtend.o

.glue_7         0x000000000000a060        0x0
 .glue_7        0x000000000000a060        0x0 linker stubs

.glue_7t        0x000000000000a060        0x0
 .glue_7t       0x000000000000a060        0x0 linker stubs

.vfp11_veneer   0x000000000000a060        0x0
 .vfp11_veneer  0x000000000000a060        0x0 linker stubs

.v4_bx          0x000000000000a060        0x0
 .v4_bx         0x000000000000a060        0x0 linker stubs

.iplt           0x000000000000a060        0x0
 .iplt          0x000000000000a060        0x0 /usr/bin/../lib/gcc/arm-none-eabi/7.3.1/thumb/v7e-m/fpv4-sp/hard/crtbegin.o

.mem_section_dummy_rom

.log_const_data
                0x000000000000a060       0x80
                0x000000000000a060                PROVIDE (__start_log_const_data = .)
 *(SORT_BY_NAME(.log_const_data*))
 .log_const_data_CLOCK
                0x000000000000a060        0x8 _build/nrfx_clock.o
                0x000000000000a060                m_nrf_log_CLOCK_logs_data_const
 .log_const_data_GPIOTE
                0x000000000000a068        0x8 _build/nrfx_gpiote.o
                0x000000000000a068                m_nrf_log_GPIOTE_logs_data_const
 .log_const_data_PPI
                0x000000000000a070        0x8 _build/nrfx_ppi.o
                0x000000000000a070                m_nrf_log_PPI_logs_data_const
 .log_const_data_PRS
                0x000000000000a078        0x8 _build/nrfx_prs.o
                0x000000000000a078                m_nrf_log_PRS_logs_data_const
 .log_const_data_PWM
                0x000000000000a080        0x8 _build/nrfx_pwm.o
                0x000000000000a080                m_nrf_log_PWM_logs_data_const
 .log_const_data_SAADC
                0x000000000000a088        0x8 _build/nrfx_saadc.o
                0x000000000000a088                m_nrf_log_SAADC_logs_data_const
 .log_const_data_SPIM
                0x000000000000a090        0x8 _build/nrfx_spim.o
                0x000000000000a090                m_nrf_log_SPIM_logs_data_const
 .log_const_data_TIMER
                0x000000000000a098        0x8 _build/nrfx_timer.o
                0x000000000000a098                m_nrf_log_TIMER_logs_data_const
 .log_const_data_TWIM
                0x000000000000a0a0        0x8 _build/nrfx_twim.o
                0x000000000000a0a0                m_nrf_log_TWIM_logs_data_const
 .log_const_data_UART
                0x000000000000a0a8        0x8 _build/nrfx_uart.o
                0x000000000000a0a8                m_nrf_log_UART_logs_data_const
 .log_const_data_UARTE
                0x000000000000a0b0        0x8 _build/nrfx_uarte.o
                0x000000000000a0b0                m_nrf_log_UARTE_logs_data_const
 .log_const_data_app
                0x000000000000a0b8        0x8 _build/nrf_log_frontend.o
                0x000000000000a0b8                m_nrf_log_app_logs_data_const
 .log_const_data_clock
                0x000000000000a0c0        0x8 _build/nrf_drv_clock.o
                0x000000000000a0c0                m_nrf_log_clock_logs_data_const
 .log_const_data_hardfault
                0x000000000000a0c8        0x8 _build/hardfault_implementation.o
                0x000000000000a0c8                m_nrf_log_hardfault_logs_data_const
 .log_const_data_nrf_fstorage
                0x000000000000a0d0        0x8 _build/nrf_fstorage.o
                0x000000000000a0d0                m_nrf_log_nrf_fstorage_logs_data_const
 .log_const_data_pwr_mgmt
                0x000000000000a0d8        0x8 _build/nrf_pwr_mgmt.o
                0x000000000000a0d8                m_nrf_log_pwr_mgmt_logs_data_const
                0x000000000000a0e0                PROVIDE (__stop_log_const_data = .)

.nrf_balloc     0x000000000000a0e0       0x14
                [!provide]                        PROVIDE (__start_nrf_balloc = .)
 *(.nrf_balloc)
 .nrf_balloc    0x000000000000a0e0       0x14 _build/nrf_log_frontend.o
                0x000000000000a0e0                log_mempool
                [!provide]                        PROVIDE (__stop_nrf_balloc = .)

.nrf_queue      0x000000000000a0f4       0x28
                [!provide]                        PROVIDE (__start_nrf_queue = .)
 *(.nrf_queue)
 .nrf_queue     0x000000000000a0f4       0x28 _build/kobukiUtilities.o
                0x000000000000a0f4                serial_queues_txq
                0x000000000000a108                serial_queues_rxq
                [!provide]                        PROVIDE (__stop_nrf_queue = .)

.log_backends   0x000000000000a11c       0x10
 .log_backends  0x000000000000a11c       0x10 _build/nrf_log_default_backends.o

.pwr_mgmt_data  0x000000000000a12c        0x0
                0x000000000000a12c                PROVIDE (__start_pwr_mgmt_data = .)
 *(SORT_BY_NAME(.pwr_mgmt_data*))
                0x000000000000a12c                PROVIDE (__stop_pwr_mgmt_data = .)

.crypto_data    0x000000000000a12c        0x0
                [!provide]                        PROVIDE (__start_crypto_data = .)
 *(SORT_BY_NAME(.crypto_data*))
                [!provide]                        PROVIDE (__stop_crypto_data = .)

.cli_command    0x000000000000a12c        0x0
                [!provide]                        PROVIDE (__start_cli_command = .)
 *(.cli_command)
                [!provide]                        PROVIDE (__stop_cli_command = .)

.ARM.extab
 *(.ARM.extab* .gnu.linkonce.armextab.*)
                0x000000000000a12c                __exidx_start = .

.ARM.exidx      0x000000000000a12c        0x8
 *(.ARM.exidx* .gnu.linkonce.armexidx.*)
 .ARM.exidx     0x000000000000a12c        0x8 /usr/bin/../lib/gcc/arm-none-eabi/7.3.1/../../../../arm-none-eabi/lib/thumb/v7e-m/fpv4-sp/hard/crt0.o
 .ARM.exidx     0x000000000000a134        0x0 /usr/bin/../lib/gcc/arm-none-eabi/7.3.1/thumb/v7e-m/fpv4-sp/hard/libgcc.a(_udivmoddi4.o)
                                          0x8 (size before relaxing)
                0x000000000000a134                __exidx_end = .
                0x000000000000a134                __etext = .

.rel.dyn        0x000000000000a134        0x0
 .rel.iplt      0x000000000000a134        0x0 /usr/bin/../lib/gcc/arm-none-eabi/7.3.1/thumb/v7e-m/fpv4-sp/hard/crtbegin.o

.data           0x0000000020000000      0x9c8 load address 0x000000000000a134
                0x0000000020000000                __data_start__ = .
 *(vtable)
 *(.data*)
 .data.log_backend_cb_rtt_log_backend
                0x0000000020000000        0x8 _build/nrf_log_default_backends.o
 .data.SystemCoreClock
                0x0000000020000008        0x4 _build/system_nrf52.o
                0x0000000020000008                SystemCoreClock
 .data._impure_ptr
                0x000000002000000c        0x4 /usr/bin/../lib/gcc/arm-none-eabi/7.3.1/../../../../arm-none-eabi/lib/thumb/v7e-m/fpv4-sp/hard/libc.a(lib_a-impure.o)
                0x000000002000000c                _impure_ptr
 .data.impure_data
                0x0000000020000010      0x428 /usr/bin/../lib/gcc/arm-none-eabi/7.3.1/../../../../arm-none-eabi/lib/thumb/v7e-m/fpv4-sp/hard/libc.a(lib_a-impure.o)
 .data.__global_locale
                0x0000000020000438      0x16c /usr/bin/../lib/gcc/arm-none-eabi/7.3.1/../../../../arm-none-eabi/lib/thumb/v7e-m/fpv4-sp/hard/libc.a(lib_a-locale.o)
                0x0000000020000438                __global_locale
 .data.__malloc_av_
                0x00000000200005a4      0x408 /usr/bin/../lib/gcc/arm-none-eabi/7.3.1/../../../../arm-none-eabi/lib/thumb/v7e-m/fpv4-sp/hard/libc.a(lib_a-mallocr.o)
                0x00000000200005a4                __malloc_av_
 .data.__malloc_sbrk_base
                0x00000000200009ac        0x4 /usr/bin/../lib/gcc/arm-none-eabi/7.3.1/../../../../arm-none-eabi/lib/thumb/v7e-m/fpv4-sp/hard/libc.a(lib_a-mallocr.o)
                0x00000000200009ac                __malloc_sbrk_base
 .data.__malloc_trim_threshold
                0x00000000200009b0        0x4 /usr/bin/../lib/gcc/arm-none-eabi/7.3.1/../../../../arm-none-eabi/lib/thumb/v7e-m/fpv4-sp/hard/libc.a(lib_a-mallocr.o)
                0x00000000200009b0                __malloc_trim_threshold
 .data.__atexit_recursive_mutex
                0x00000000200009b4        0x4 /usr/bin/../lib/gcc/arm-none-eabi/7.3.1/../../../../arm-none-eabi/lib/thumb/v7e-m/fpv4-sp/hard/libc.a(lib_a-__call_atexit.o)
                0x00000000200009b4                __atexit_recursive_mutex
                0x00000000200009b8                . = ALIGN (0x4)
                0x00000000200009b8                PROVIDE (__preinit_array_start = .)
 *(.preinit_array)
                0x00000000200009b8                PROVIDE (__preinit_array_end = .)
                0x00000000200009b8                . = ALIGN (0x4)
                0x00000000200009b8                PROVIDE (__init_array_start = .)
 *(SORT_BY_NAME(.init_array.*))
 .init_array.00000
                0x00000000200009b8        0x4 /usr/bin/../lib/gcc/arm-none-eabi/7.3.1/../../../../arm-none-eabi/lib/thumb/v7e-m/fpv4-sp/hard/libc.a(lib_a-__call_atexit.o)
 *(.init_array)
 .init_array    0x00000000200009bc        0x4 /usr/bin/../lib/gcc/arm-none-eabi/7.3.1/thumb/v7e-m/fpv4-sp/hard/crtbegin.o
 .init_array    0x00000000200009c0        0x4 _build/before_startup.o
                0x00000000200009c4                PROVIDE (__init_array_end = .)
                0x00000000200009c4                . = ALIGN (0x4)
                0x00000000200009c4                PROVIDE (__fini_array_start = .)
 *(SORT_BY_NAME(.fini_array.*))
 *(.fini_array)
 .fini_array    0x00000000200009c4        0x4 /usr/bin/../lib/gcc/arm-none-eabi/7.3.1/thumb/v7e-m/fpv4-sp/hard/crtbegin.o
                0x00000000200009c8                PROVIDE (__fini_array_end = .)
 *(.jcr*)
                0x00000000200009c8                . = ALIGN (0x4)
                0x00000000200009c8                __data_end__ = .
LOAD /usr/bin/../lib/gcc/arm-none-eabi/7.3.1/thumb/v7e-m/fpv4-sp/hard/crti.o
LOAD /usr/bin/../lib/gcc/arm-none-eabi/7.3.1/thumb/v7e-m/fpv4-sp/hard/crtbegin.o
LOAD /usr/bin/../lib/gcc/arm-none-eabi/7.3.1/../../../../arm-none-eabi/lib/thumb/v7e-m/fpv4-sp/hard/crt0.o
START GROUP
LOAD _build/virtual_timer_linked_list.o
LOAD _build/main.o
LOAD _build/virtual_timer.o
LOAD _build/display.o
LOAD _build/mpu9250.o
LOAD _build/kobukiUART.o
LOAD _build/kobukiSensor.o
LOAD _build/kobukiUtilities.o
LOAD _build/kobukiSensorPoll.o
LOAD _build/kobukiActuator.o
LOAD _build/better_error_handling.o
LOAD _build/max44009.o
LOAD _build/lsm9ds1.o
LOAD _build/opt3004.o
LOAD _build/SEGGER_RTT.o
LOAD _build/SEGGER_RTT_Syscalls_GCC.o
LOAD _build/SEGGER_RTT_printf.o
LOAD _build/app_error.o
LOAD _build/app_error_handler_gcc.o
LOAD _build/app_pwm.o
LOAD _build/app_scheduler.o
LOAD _build/app_timer.o
LOAD _build/app_uart.o
LOAD _build/app_util_platform.o
LOAD _build/before_startup.o
LOAD _build/ff.o
LOAD _build/hardfault_handler_gcc.o
LOAD _build/hardfault_implementation.o
LOAD _build/mmc_nrf.o
LOAD _build/nrf_assert.o
LOAD _build/nrf_atomic.o
LOAD _build/nrf_balloc.o
LOAD _build/nrf_drv_clock.o
LOAD _build/nrf_drv_ppi.o
LOAD _build/nrf_drv_spi.o
LOAD _build/nrf_drv_twi.o
LOAD _build/nrf_drv_uart.o
LOAD _build/nrf_fprintf.o
LOAD _build/nrf_fprintf_format.o
LOAD _build/nrf_fstorage.o
LOAD _build/nrf_log_backend_rtt.o
LOAD _build/nrf_log_backend_serial.o
LOAD _build/nrf_log_backend_uart.o
LOAD _build/nrf_log_default_backends.o
LOAD _build/nrf_log_frontend.o
LOAD _build/nrf_log_str_formatter.o
LOAD _build/nrf_memobj.o
LOAD _build/nrf_pwr_mgmt.o
LOAD _build/nrf_ringbuf.o
LOAD _build/nrf_queue.o
LOAD _build/nrf_section_iter.o
LOAD _build/nrf_serial.o
LOAD _build/nrf_strerror.o
LOAD _build/nrf_twi_mngr.o
LOAD _build/nrfx_clock.o
LOAD _build/nrfx_gpiote.o
LOAD _build/nrfx_ppi.o
LOAD _build/nrfx_prs.o
LOAD _build/nrfx_pwm.o
LOAD _build/nrfx_saadc.o
LOAD _build/nrfx_spi.o
LOAD _build/nrfx_spim.o
LOAD _build/nrfx_timer.o
LOAD _build/nrfx_twi.o
LOAD _build/nrfx_twim.o
LOAD _build/nrfx_uart.o
LOAD _build/nrfx_uarte.o
LOAD _build/simple_logger.o
LOAD _build/system_nrf52.o
LOAD _build/app_error_weak.o
LOAD _build/gcc_startup_nrf52.os
LOAD /usr/bin/../lib/gcc/arm-none-eabi/7.3.1/../../../../arm-none-eabi/lib/thumb/v7e-m/fpv4-sp/hard/libc.a
LOAD /usr/bin/../lib/gcc/arm-none-eabi/7.3.1/../../../../arm-none-eabi/lib/thumb/v7e-m/fpv4-sp/hard/libnosys.a
LOAD /usr/bin/../lib/gcc/arm-none-eabi/7.3.1/../../../../arm-none-eabi/lib/thumb/v7e-m/fpv4-sp/hard/libm.a
LOAD /usr/bin/../lib/gcc/arm-none-eabi/7.3.1/../../../../arm-none-eabi/lib/thumb/v7e-m/fpv4-sp/hard/libstdc++.a
END GROUP
START GROUP
LOAD /usr/bin/../lib/gcc/arm-none-eabi/7.3.1/thumb/v7e-m/fpv4-sp/hard/libgcc.a
LOAD /usr/bin/../lib/gcc/arm-none-eabi/7.3.1/../../../../arm-none-eabi/lib/thumb/v7e-m/fpv4-sp/hard/libc.a
END GROUP
LOAD /usr/bin/../lib/gcc/arm-none-eabi/7.3.1/thumb/v7e-m/fpv4-sp/hard/crtend.o
LOAD /usr/bin/../lib/gcc/arm-none-eabi/7.3.1/thumb/v7e-m/fpv4-sp/hard/crtn.o
START GROUP
LOAD /usr/bin/../lib/gcc/arm-none-eabi/7.3.1/thumb/v7e-m/fpv4-sp/hard/libgcc.a
LOAD /usr/bin/../lib/gcc/arm-none-eabi/7.3.1/../../../../arm-none-eabi/lib/thumb/v7e-m/fpv4-sp/hard/libc.a
LOAD /usr/bin/../lib/gcc/arm-none-eabi/7.3.1/../../../../arm-none-eabi/lib/thumb/v7e-m/fpv4-sp/hard/libnosys.a
END GROUP

.igot.plt       0x00000000200009c8        0x0 load address 0x000000000000aafc
 .igot.plt      0x00000000200009c8        0x0 /usr/bin/../lib/gcc/arm-none-eabi/7.3.1/thumb/v7e-m/fpv4-sp/hard/crtbegin.o
                0x00000000200009c8                . = ALIGN (0x4)

.mem_section_dummy_ram

.log_dynamic_data
                0x00000000200009c8        0x0
                0x00000000200009c8                PROVIDE (__start_log_dynamic_data = .)
 *(SORT_BY_NAME(.log_dynamic_data*))
                [!provide]                        PROVIDE (__stop_log_dynamic_data = .)

.fs_data        0x00000000200009c8        0x0
                0x00000000200009c8                PROVIDE (__start_fs_data = .)
 *(.fs_data)
                0x00000000200009c8                PROVIDE (__stop_fs_data = .)

.cli_sorted_cmd_ptrs
                0x00000000200009c8        0x0
                [!provide]                        PROVIDE (__start_cli_sorted_cmd_ptrs = .)
 *(.cli_sorted_cmd_ptrs)
                [!provide]                        PROVIDE (__stop_cli_sorted_cmd_ptrs = .)

.bss            0x00000000200009c8      0xd44 load address 0x000000000000aafc
                0x00000000200009c8                . = ALIGN (0x4)
                0x00000000200009c8                __bss_start__ = .
 *(.bss*)
 .bss           0x00000000200009c8       0x1c /usr/bin/../lib/gcc/arm-none-eabi/7.3.1/thumb/v7e-m/fpv4-sp/hard/crtbegin.o
 .bss.linked_list
                0x00000000200009e4        0x4 _build/virtual_timer_linked_list.o
 .bss.serial_queues_rxq_nrf_queue_buffer
                0x00000000200009e8      0x101 _build/kobukiUtilities.o
 *fill*         0x0000000020000ae9        0x3 
 .bss.serial_queues_rxq_nrf_queue_cb
                0x0000000020000aec        0xc _build/kobukiUtilities.o
 .bss.serial_queues_txq_nrf_queue_buffer
                0x0000000020000af8      0x101 _build/kobukiUtilities.o
 *fill*         0x0000000020000bf9        0x3 
 .bss.serial_queues_txq_nrf_queue_cb
                0x0000000020000bfc        0xc _build/kobukiUtilities.o
 .bss._acDownBuffer
                0x0000000020000c08       0x10 _build/SEGGER_RTT.o
 .bss._acUpBuffer
                0x0000000020000c18      0x200 _build/SEGGER_RTT.o
 .bss.m_op_queue
                0x0000000020000e18      0x10c _build/app_timer.o
 .bss.m_rtc1_reset
                0x0000000020000f24        0x1 _build/app_timer.o
 .bss.m_rtc1_running
                0x0000000020000f25        0x1 _build/app_timer.o
 *fill*         0x0000000020000f26        0x2 
 .bss.m_ticks_elapsed
                0x0000000020000f28        0x8 _build/app_timer.o
 .bss.m_ticks_elapsed_q_read_ind
                0x0000000020000f30        0x1 _build/app_timer.o
 .bss.m_ticks_elapsed_q_write_ind
                0x0000000020000f31        0x1 _build/app_timer.o
 *fill*         0x0000000020000f32        0x2 
 .bss.m_ticks_latest
                0x0000000020000f34        0x4 _build/app_timer.o
 .bss.mp_timer_id_head
                0x0000000020000f38        0x4 _build/app_timer.o
 .bss.m_in_critical_region
                0x0000000020000f3c        0x4 _build/app_util_platform.o
 .bss.m_host_present
                0x0000000020000f40        0x1 _build/nrf_log_backend_rtt.o
 .bss.m_string_buff
                0x0000000020000f41       0x40 _build/nrf_log_backend_rtt.o
 *fill*         0x0000000020000f81        0x3 
 .bss.log_mempool_nrf_balloc_cb
                0x0000000020000f84        0x8 _build/nrf_log_frontend.o
 .bss.log_mempool_nrf_balloc_pool_mem
                0x0000000020000f8c       0xc0 _build/nrf_log_frontend.o
 .bss.log_mempool_nrf_balloc_pool_stack
                0x000000002000104c        0x8 _build/nrf_log_frontend.o
 .bss.m_log_data
                0x0000000020001054      0x424 _build/nrf_log_frontend.o
 .bss.m_log_push_ringbuf_buf
                0x0000000020001478       0x80 _build/nrf_log_frontend.o
 .bss.m_log_push_ringbuf_cb
                0x00000000200014f8       0x18 _build/nrf_log_frontend.o
 .bss.m_clock_cb
                0x0000000020001510        0x8 _build/nrfx_clock.o
 .bss.m_cb      0x0000000020001518       0x5c _build/nrfx_gpiote.o
 .bss.m_prs_box_4
                0x0000000020001574        0x8 _build/nrfx_prs.o
 .bss.m_cb      0x000000002000157c       0x18 _build/nrfx_pwm.o
 .bss.m_cb      0x0000000020001594       0x30 _build/nrfx_saadc.o
 .bss.m_cb      0x00000000200015c4       0x24 _build/nrfx_spim.o
 .bss.m_cb      0x00000000200015e8       0x18 _build/nrfx_timer.o
 .bss.m_cb      0x0000000020001600       0x34 _build/nrfx_twim.o
 .bss.__malloc_current_mallinfo
                0x0000000020001634       0x28 /usr/bin/../lib/gcc/arm-none-eabi/7.3.1/../../../../arm-none-eabi/lib/thumb/v7e-m/fpv4-sp/hard/libc.a(lib_a-mallocr.o)
                0x0000000020001634                __malloc_current_mallinfo
 .bss.__malloc_max_sbrked_mem
                0x000000002000165c        0x4 /usr/bin/../lib/gcc/arm-none-eabi/7.3.1/../../../../arm-none-eabi/lib/thumb/v7e-m/fpv4-sp/hard/libc.a(lib_a-mallocr.o)
                0x000000002000165c                __malloc_max_sbrked_mem
 .bss.__malloc_max_total_mem
                0x0000000020001660        0x4 /usr/bin/../lib/gcc/arm-none-eabi/7.3.1/../../../../arm-none-eabi/lib/thumb/v7e-m/fpv4-sp/hard/libc.a(lib_a-mallocr.o)
                0x0000000020001660                __malloc_max_total_mem
 .bss.__malloc_top_pad
                0x0000000020001664        0x4 /usr/bin/../lib/gcc/arm-none-eabi/7.3.1/../../../../arm-none-eabi/lib/thumb/v7e-m/fpv4-sp/hard/libc.a(lib_a-mallocr.o)
                0x0000000020001664                __malloc_top_pad
 .bss.heap_end.5377
                0x0000000020001668        0x4 /usr/bin/../lib/gcc/arm-none-eabi/7.3.1/../../../../arm-none-eabi/lib/thumb/v7e-m/fpv4-sp/hard/libnosys.a(sbrk.o)
 *(COMMON)
 COMMON         0x000000002000166c       0x78 _build/SEGGER_RTT.o
                0x000000002000166c                _SEGGER_RTT
 COMMON         0x00000000200016e4       0x21 /usr/bin/../lib/gcc/arm-none-eabi/7.3.1/../../../../arm-none-eabi/lib/thumb/v7e-m/fpv4-sp/hard/libc.a(lib_a-lock.o)
                0x00000000200016e4                __lock___atexit_recursive_mutex
                0x00000000200016e8                __lock___arc4random_mutex
                0x00000000200016ec                __lock___env_recursive_mutex
                0x00000000200016f0                __lock___sinit_recursive_mutex
                0x00000000200016f4                __lock___malloc_recursive_mutex
                0x00000000200016f8                __lock___at_quick_exit_mutex
                0x00000000200016fc                __lock___dd_hash_mutex
                0x0000000020001700                __lock___tz_mutex
                0x0000000020001704                __lock___sfp_recursive_mutex
 *fill*         0x0000000020001705        0x3 
 COMMON         0x0000000020001708        0x4 /usr/bin/../lib/gcc/arm-none-eabi/7.3.1/../../../../arm-none-eabi/lib/thumb/v7e-m/fpv4-sp/hard/libc.a(lib_a-reent.o)
                0x0000000020001708                errno
                0x000000002000170c                . = ALIGN (0x4)
                0x000000002000170c                __bss_end__ = .

.heap           0x0000000020001710     0x2000
                0x0000000020001710                __HeapBase = .
                0x0000000020001710                __end__ = .
                0x0000000020001710                PROVIDE (end = .)
 *(.heap*)
 .heap          0x0000000020001710     0x2000 _build/gcc_startup_nrf52.os
                0x0000000020003710                __HeapLimit = .

.stack_dummy    0x0000000020001710     0x2000
 *(.stack*)
 .stack         0x0000000020001710     0x2000 _build/gcc_startup_nrf52.os
                0x0000000020010000                __StackTop = (ORIGIN (RAM) + LENGTH (RAM))
                0x000000002000e000                __StackLimit = (__StackTop - SIZEOF (.stack_dummy))
                0x0000000020010000                PROVIDE (__stack = __StackTop)
                0x0000000000000001                ASSERT ((__StackLimit >= __HeapLimit), region RAM overflowed with stack)
                0x00000000000009c8                DataInitFlashUsed = (__bss_start__ - __data_start__)
                0x000000000000a134                CodeFlashUsed = (__etext - ORIGIN (FLASH))
                0x000000000000aafc                TotalFlashUsed = (CodeFlashUsed + DataInitFlashUsed)
                0x0000000000000001                ASSERT ((TotalFlashUsed <= LENGTH (FLASH)), region FLASH overflowed with .data and user data)
OUTPUT(_build/virtual_timers_sdk15_blank.elf elf32-littlearm)

.ARM.attributes
                0x0000000000000000       0x30
 .ARM.attributes
                0x0000000000000000       0x22 /usr/bin/../lib/gcc/arm-none-eabi/7.3.1/thumb/v7e-m/fpv4-sp/hard/crti.o
 .ARM.attributes
                0x0000000000000022       0x34 /usr/bin/../lib/gcc/arm-none-eabi/7.3.1/thumb/v7e-m/fpv4-sp/hard/crtbegin.o
 .ARM.attributes
                0x0000000000000056       0x20 /usr/bin/../lib/gcc/arm-none-eabi/7.3.1/../../../../arm-none-eabi/lib/thumb/v7e-m/fpv4-sp/hard/crt0.o
 .ARM.attributes
                0x0000000000000076       0x39 _build/virtual_timer_linked_list.o
 .ARM.attributes
                0x00000000000000af       0x39 _build/main.o
 .ARM.attributes
                0x00000000000000e8       0x39 _build/virtual_timer.o
 .ARM.attributes
                0x0000000000000121       0x39 _build/kobukiUtilities.o
 .ARM.attributes
                0x000000000000015a       0x39 _build/better_error_handling.o
 .ARM.attributes
                0x0000000000000193       0x39 _build/SEGGER_RTT.o
 .ARM.attributes
                0x00000000000001cc       0x39 _build/SEGGER_RTT_Syscalls_GCC.o
 .ARM.attributes
                0x0000000000000205       0x39 _build/app_error_handler_gcc.o
 .ARM.attributes
                0x000000000000023e       0x39 _build/app_timer.o
 .ARM.attributes
                0x0000000000000277       0x39 _build/app_util_platform.o
 .ARM.attributes
                0x00000000000002b0       0x39 _build/before_startup.o
 .ARM.attributes
                0x00000000000002e9       0x39 _build/hardfault_handler_gcc.o
 .ARM.attributes
                0x0000000000000322       0x39 _build/hardfault_implementation.o
 .ARM.attributes
                0x000000000000035b       0x39 _build/nrf_assert.o
 .ARM.attributes
                0x0000000000000394       0x39 _build/nrf_atomic.o
 .ARM.attributes
                0x00000000000003cd       0x39 _build/nrf_balloc.o
 .ARM.attributes
                0x0000000000000406       0x39 _build/nrf_drv_clock.o
 .ARM.attributes
                0x000000000000043f       0x39 _build/nrf_fprintf.o
 .ARM.attributes
                0x0000000000000478       0x39 _build/nrf_fprintf_format.o
 .ARM.attributes
                0x00000000000004b1       0x39 _build/nrf_fstorage.o
 .ARM.attributes
                0x00000000000004ea       0x39 _build/nrf_log_backend_rtt.o
 .ARM.attributes
                0x0000000000000523       0x39 _build/nrf_log_backend_serial.o
 .ARM.attributes
                0x000000000000055c       0x39 _build/nrf_log_default_backends.o
 .ARM.attributes
                0x0000000000000595       0x39 _build/nrf_log_frontend.o
 .ARM.attributes
                0x00000000000005ce       0x39 _build/nrf_log_str_formatter.o
 .ARM.attributes
                0x0000000000000607       0x39 _build/nrf_memobj.o
 .ARM.attributes
                0x0000000000000640       0x39 _build/nrf_pwr_mgmt.o
 .ARM.attributes
                0x0000000000000679       0x39 _build/nrf_ringbuf.o
 .ARM.attributes
                0x00000000000006b2       0x39 _build/nrf_strerror.o
 .ARM.attributes
                0x00000000000006eb       0x39 _build/nrfx_clock.o
 .ARM.attributes
                0x0000000000000724       0x39 _build/nrfx_gpiote.o
 .ARM.attributes
                0x000000000000075d       0x39 _build/nrfx_ppi.o
 .ARM.attributes
                0x0000000000000796       0x39 _build/nrfx_prs.o
 .ARM.attributes
                0x00000000000007cf       0x39 _build/nrfx_pwm.o
 .ARM.attributes
                0x0000000000000808       0x39 _build/nrfx_saadc.o
 .ARM.attributes
                0x0000000000000841       0x39 _build/nrfx_spim.o
 .ARM.attributes
                0x000000000000087a       0x39 _build/nrfx_timer.o
 .ARM.attributes
                0x00000000000008b3       0x39 _build/nrfx_twim.o
 .ARM.attributes
                0x00000000000008ec       0x39 _build/nrfx_uart.o
 .ARM.attributes
                0x0000000000000925       0x39 _build/nrfx_uarte.o
 .ARM.attributes
                0x000000000000095e       0x39 _build/system_nrf52.o
 .ARM.attributes
                0x0000000000000997       0x1c _build/gcc_startup_nrf52.os
 .ARM.attributes
                0x00000000000009b3       0x34 /usr/bin/../lib/gcc/arm-none-eabi/7.3.1/../../../../arm-none-eabi/lib/thumb/v7e-m/fpv4-sp/hard/libc.a(lib_a-exit.o)
 .ARM.attributes
                0x00000000000009e7       0x34 /usr/bin/../lib/gcc/arm-none-eabi/7.3.1/../../../../arm-none-eabi/lib/thumb/v7e-m/fpv4-sp/hard/libc.a(lib_a-impure.o)
 .ARM.attributes
                0x0000000000000a1b       0x34 /usr/bin/../lib/gcc/arm-none-eabi/7.3.1/../../../../arm-none-eabi/lib/thumb/v7e-m/fpv4-sp/hard/libc.a(lib_a-init.o)
 .ARM.attributes
                0x0000000000000a4f       0x34 /usr/bin/../lib/gcc/arm-none-eabi/7.3.1/../../../../arm-none-eabi/lib/thumb/v7e-m/fpv4-sp/hard/libc.a(lib_a-locale.o)
 .ARM.attributes
                0x0000000000000a83       0x34 /usr/bin/../lib/gcc/arm-none-eabi/7.3.1/../../../../arm-none-eabi/lib/thumb/v7e-m/fpv4-sp/hard/libc.a(lib_a-malloc.o)
 .ARM.attributes
                0x0000000000000ab7       0x34 /usr/bin/../lib/gcc/arm-none-eabi/7.3.1/../../../../arm-none-eabi/lib/thumb/v7e-m/fpv4-sp/hard/libc.a(lib_a-mallocr.o)
 .ARM.attributes
                0x0000000000000aeb       0x34 /usr/bin/../lib/gcc/arm-none-eabi/7.3.1/../../../../arm-none-eabi/lib/thumb/v7e-m/fpv4-sp/hard/libc.a(lib_a-mbtowc_r.o)
 .ARM.attributes
                0x0000000000000b1f       0x20 /usr/bin/../lib/gcc/arm-none-eabi/7.3.1/../../../../arm-none-eabi/lib/thumb/v7e-m/fpv4-sp/hard/libc.a(lib_a-memcpy.o)
 .ARM.attributes
                0x0000000000000b3f       0x34 /usr/bin/../lib/gcc/arm-none-eabi/7.3.1/../../../../arm-none-eabi/lib/thumb/v7e-m/fpv4-sp/hard/libc.a(lib_a-memset.o)
 .ARM.attributes
                0x0000000000000b73       0x34 /usr/bin/../lib/gcc/arm-none-eabi/7.3.1/../../../../arm-none-eabi/lib/thumb/v7e-m/fpv4-sp/hard/libc.a(lib_a-mlock.o)
 .ARM.attributes
                0x0000000000000ba7       0x34 /usr/bin/../lib/gcc/arm-none-eabi/7.3.1/../../../../arm-none-eabi/lib/thumb/v7e-m/fpv4-sp/hard/libc.a(lib_a-printf.o)
 .ARM.attributes
                0x0000000000000bdb       0x34 /usr/bin/../lib/gcc/arm-none-eabi/7.3.1/../../../../arm-none-eabi/lib/thumb/v7e-m/fpv4-sp/hard/libc.a(lib_a-sbrkr.o)
 .ARM.attributes
                0x0000000000000c0f       0x34 /usr/bin/../lib/gcc/arm-none-eabi/7.3.1/../../../../arm-none-eabi/lib/thumb/v7e-m/fpv4-sp/hard/libc.a(lib_a-setbuf.o)
 .ARM.attributes
                0x0000000000000c43       0x34 /usr/bin/../lib/gcc/arm-none-eabi/7.3.1/../../../../arm-none-eabi/lib/thumb/v7e-m/fpv4-sp/hard/libc.a(lib_a-setvbuf.o)
 .ARM.attributes
                0x0000000000000c77       0x34 /usr/bin/../lib/gcc/arm-none-eabi/7.3.1/../../../../arm-none-eabi/lib/thumb/v7e-m/fpv4-sp/hard/libc.a(lib_a-strcpy.o)
 .ARM.attributes
                0x0000000000000cab       0x20 /usr/bin/../lib/gcc/arm-none-eabi/7.3.1/../../../../arm-none-eabi/lib/thumb/v7e-m/fpv4-sp/hard/libc.a(lib_a-strlen.o)
 .ARM.attributes
                0x0000000000000ccb       0x34 /usr/bin/../lib/gcc/arm-none-eabi/7.3.1/../../../../arm-none-eabi/lib/thumb/v7e-m/fpv4-sp/hard/libc.a(lib_a-vfprintf.o)
 .ARM.attributes
                0x0000000000000cff       0x34 /usr/bin/../lib/gcc/arm-none-eabi/7.3.1/../../../../arm-none-eabi/lib/thumb/v7e-m/fpv4-sp/hard/libc.a(lib_a-wctomb_r.o)
 .ARM.attributes
                0x0000000000000d33       0x34 /usr/bin/../lib/gcc/arm-none-eabi/7.3.1/../../../../arm-none-eabi/lib/thumb/v7e-m/fpv4-sp/hard/libc.a(lib_a-wsetup.o)
 .ARM.attributes
                0x0000000000000d67       0x34 /usr/bin/../lib/gcc/arm-none-eabi/7.3.1/../../../../arm-none-eabi/lib/thumb/v7e-m/fpv4-sp/hard/libc.a(lib_a-__call_atexit.o)
 .ARM.attributes
                0x0000000000000d9b       0x34 /usr/bin/../lib/gcc/arm-none-eabi/7.3.1/../../../../arm-none-eabi/lib/thumb/v7e-m/fpv4-sp/hard/libc.a(lib_a-atexit.o)
 .ARM.attributes
                0x0000000000000dcf       0x34 /usr/bin/../lib/gcc/arm-none-eabi/7.3.1/../../../../arm-none-eabi/lib/thumb/v7e-m/fpv4-sp/hard/libc.a(lib_a-ctype_.o)
 .ARM.attributes
                0x0000000000000e03       0x34 /usr/bin/../lib/gcc/arm-none-eabi/7.3.1/../../../../arm-none-eabi/lib/thumb/v7e-m/fpv4-sp/hard/libc.a(lib_a-dtoa.o)
 .ARM.attributes
                0x0000000000000e37       0x34 /usr/bin/../lib/gcc/arm-none-eabi/7.3.1/../../../../arm-none-eabi/lib/thumb/v7e-m/fpv4-sp/hard/libc.a(lib_a-fflush.o)
 .ARM.attributes
                0x0000000000000e6b       0x34 /usr/bin/../lib/gcc/arm-none-eabi/7.3.1/../../../../arm-none-eabi/lib/thumb/v7e-m/fpv4-sp/hard/libc.a(lib_a-findfp.o)
 .ARM.attributes
                0x0000000000000e9f       0x34 /usr/bin/../lib/gcc/arm-none-eabi/7.3.1/../../../../arm-none-eabi/lib/thumb/v7e-m/fpv4-sp/hard/libc.a(lib_a-fini.o)
 .ARM.attributes
                0x0000000000000ed3       0x34 /usr/bin/../lib/gcc/arm-none-eabi/7.3.1/../../../../arm-none-eabi/lib/thumb/v7e-m/fpv4-sp/hard/libc.a(lib_a-freer.o)
 .ARM.attributes
                0x0000000000000f07       0x34 /usr/bin/../lib/gcc/arm-none-eabi/7.3.1/../../../../arm-none-eabi/lib/thumb/v7e-m/fpv4-sp/hard/libc.a(lib_a-fwalk.o)
 .ARM.attributes
                0x0000000000000f3b       0x34 /usr/bin/../lib/gcc/arm-none-eabi/7.3.1/../../../../arm-none-eabi/lib/thumb/v7e-m/fpv4-sp/hard/libc.a(lib_a-localeconv.o)
 .ARM.attributes
                0x0000000000000f6f       0x34 /usr/bin/../lib/gcc/arm-none-eabi/7.3.1/../../../../arm-none-eabi/lib/thumb/v7e-m/fpv4-sp/hard/libc.a(lib_a-lock.o)
 .ARM.attributes
                0x0000000000000fa3       0x34 /usr/bin/../lib/gcc/arm-none-eabi/7.3.1/../../../../arm-none-eabi/lib/thumb/v7e-m/fpv4-sp/hard/libc.a(lib_a-makebuf.o)
 .ARM.attributes
                0x0000000000000fd7       0x20 /usr/bin/../lib/gcc/arm-none-eabi/7.3.1/../../../../arm-none-eabi/lib/thumb/v7e-m/fpv4-sp/hard/libc.a(lib_a-memchr.o)
 .ARM.attributes
                0x0000000000000ff7       0x34 /usr/bin/../lib/gcc/arm-none-eabi/7.3.1/../../../../arm-none-eabi/lib/thumb/v7e-m/fpv4-sp/hard/libc.a(lib_a-mprec.o)
 .ARM.attributes
                0x000000000000102b       0x34 /usr/bin/../lib/gcc/arm-none-eabi/7.3.1/../../../../arm-none-eabi/lib/thumb/v7e-m/fpv4-sp/hard/libc.a(lib_a-reent.o)
 .ARM.attributes
                0x000000000000105f       0x34 /usr/bin/../lib/gcc/arm-none-eabi/7.3.1/../../../../arm-none-eabi/lib/thumb/v7e-m/fpv4-sp/hard/libc.a(lib_a-s_frexp.o)
 .ARM.attributes
                0x0000000000001093       0x34 /usr/bin/../lib/gcc/arm-none-eabi/7.3.1/../../../../arm-none-eabi/lib/thumb/v7e-m/fpv4-sp/hard/libc.a(lib_a-stdio.o)
 .ARM.attributes
                0x00000000000010c7       0x34 /usr/bin/../lib/gcc/arm-none-eabi/7.3.1/../../../../arm-none-eabi/lib/thumb/v7e-m/fpv4-sp/hard/libc.a(lib_a-strncpy.o)
 .ARM.attributes
                0x00000000000010fb       0x34 /usr/bin/../lib/gcc/arm-none-eabi/7.3.1/../../../../arm-none-eabi/lib/thumb/v7e-m/fpv4-sp/hard/libc.a(lib_a-vfiprintf.o)
 .ARM.attributes
                0x000000000000112f       0x34 /usr/bin/../lib/gcc/arm-none-eabi/7.3.1/../../../../arm-none-eabi/lib/thumb/v7e-m/fpv4-sp/hard/libc.a(lib_a-__atexit.o)
 .ARM.attributes
                0x0000000000001163       0x34 /usr/bin/../lib/gcc/arm-none-eabi/7.3.1/../../../../arm-none-eabi/lib/thumb/v7e-m/fpv4-sp/hard/libc.a(lib_a-callocr.o)
 .ARM.attributes
                0x0000000000001197       0x34 /usr/bin/../lib/gcc/arm-none-eabi/7.3.1/../../../../arm-none-eabi/lib/thumb/v7e-m/fpv4-sp/hard/libc.a(lib_a-closer.o)
 .ARM.attributes
                0x00000000000011cb       0x34 /usr/bin/../lib/gcc/arm-none-eabi/7.3.1/../../../../arm-none-eabi/lib/thumb/v7e-m/fpv4-sp/hard/libc.a(lib_a-fclose.o)
 .ARM.attributes
                0x00000000000011ff       0x34 /usr/bin/../lib/gcc/arm-none-eabi/7.3.1/../../../../arm-none-eabi/lib/thumb/v7e-m/fpv4-sp/hard/libc.a(lib_a-fputwc.o)
 .ARM.attributes
                0x0000000000001233       0x34 /usr/bin/../lib/gcc/arm-none-eabi/7.3.1/../../../../arm-none-eabi/lib/thumb/v7e-m/fpv4-sp/hard/libc.a(lib_a-fstatr.o)
 .ARM.attributes
                0x0000000000001267       0x34 /usr/bin/../lib/gcc/arm-none-eabi/7.3.1/../../../../arm-none-eabi/lib/thumb/v7e-m/fpv4-sp/hard/libc.a(lib_a-fvwrite.o)
 .ARM.attributes
                0x000000000000129b       0x34 /usr/bin/../lib/gcc/arm-none-eabi/7.3.1/../../../../arm-none-eabi/lib/thumb/v7e-m/fpv4-sp/hard/libc.a(lib_a-isattyr.o)
 .ARM.attributes
                0x00000000000012cf       0x34 /usr/bin/../lib/gcc/arm-none-eabi/7.3.1/../../../../arm-none-eabi/lib/thumb/v7e-m/fpv4-sp/hard/libc.a(lib_a-lseekr.o)
 .ARM.attributes
                0x0000000000001303       0x34 /usr/bin/../lib/gcc/arm-none-eabi/7.3.1/../../../../arm-none-eabi/lib/thumb/v7e-m/fpv4-sp/hard/libc.a(lib_a-memmove.o)
 .ARM.attributes
                0x0000000000001337       0x34 /usr/bin/../lib/gcc/arm-none-eabi/7.3.1/../../../../arm-none-eabi/lib/thumb/v7e-m/fpv4-sp/hard/libc.a(lib_a-readr.o)
 .ARM.attributes
                0x000000000000136b       0x34 /usr/bin/../lib/gcc/arm-none-eabi/7.3.1/../../../../arm-none-eabi/lib/thumb/v7e-m/fpv4-sp/hard/libc.a(lib_a-reallocr.o)
 .ARM.attributes
                0x000000000000139f       0x34 /usr/bin/../lib/gcc/arm-none-eabi/7.3.1/../../../../arm-none-eabi/lib/thumb/v7e-m/fpv4-sp/hard/libc.a(lib_a-wbuf.o)
 .ARM.attributes
                0x00000000000013d3       0x34 /usr/bin/../lib/gcc/arm-none-eabi/7.3.1/../../../../arm-none-eabi/lib/thumb/v7e-m/fpv4-sp/hard/libc.a(lib_a-wcrtomb.o)
 .ARM.attributes
                0x0000000000001407       0x34 /usr/bin/../lib/gcc/arm-none-eabi/7.3.1/../../../../arm-none-eabi/lib/thumb/v7e-m/fpv4-sp/hard/libnosys.a(close.o)
 .ARM.attributes
                0x000000000000143b       0x34 /usr/bin/../lib/gcc/arm-none-eabi/7.3.1/../../../../arm-none-eabi/lib/thumb/v7e-m/fpv4-sp/hard/libnosys.a(fstat.o)
 .ARM.attributes
                0x000000000000146f       0x34 /usr/bin/../lib/gcc/arm-none-eabi/7.3.1/../../../../arm-none-eabi/lib/thumb/v7e-m/fpv4-sp/hard/libnosys.a(isatty.o)
 .ARM.attributes
                0x00000000000014a3       0x34 /usr/bin/../lib/gcc/arm-none-eabi/7.3.1/../../../../arm-none-eabi/lib/thumb/v7e-m/fpv4-sp/hard/libnosys.a(lseek.o)
 .ARM.attributes
                0x00000000000014d7       0x34 /usr/bin/../lib/gcc/arm-none-eabi/7.3.1/../../../../arm-none-eabi/lib/thumb/v7e-m/fpv4-sp/hard/libnosys.a(read.o)
 .ARM.attributes
                0x000000000000150b       0x34 /usr/bin/../lib/gcc/arm-none-eabi/7.3.1/../../../../arm-none-eabi/lib/thumb/v7e-m/fpv4-sp/hard/libnosys.a(sbrk.o)
 .ARM.attributes
                0x000000000000153f       0x34 /usr/bin/../lib/gcc/arm-none-eabi/7.3.1/../../../../arm-none-eabi/lib/thumb/v7e-m/fpv4-sp/hard/libnosys.a(_exit.o)
 .ARM.attributes
                0x0000000000001573       0x22 /usr/bin/../lib/gcc/arm-none-eabi/7.3.1/thumb/v7e-m/fpv4-sp/hard/libgcc.a(_arm_addsubdf3.o)
 .ARM.attributes
                0x0000000000001595       0x22 /usr/bin/../lib/gcc/arm-none-eabi/7.3.1/thumb/v7e-m/fpv4-sp/hard/libgcc.a(_arm_muldivdf3.o)
 .ARM.attributes
                0x00000000000015b7       0x22 /usr/bin/../lib/gcc/arm-none-eabi/7.3.1/thumb/v7e-m/fpv4-sp/hard/libgcc.a(_arm_cmpdf2.o)
 .ARM.attributes
                0x00000000000015d9       0x22 /usr/bin/../lib/gcc/arm-none-eabi/7.3.1/thumb/v7e-m/fpv4-sp/hard/libgcc.a(_arm_unorddf2.o)
 .ARM.attributes
                0x00000000000015fb       0x22 /usr/bin/../lib/gcc/arm-none-eabi/7.3.1/thumb/v7e-m/fpv4-sp/hard/libgcc.a(_arm_fixdfsi.o)
 .ARM.attributes
                0x000000000000161d       0x22 /usr/bin/../lib/gcc/arm-none-eabi/7.3.1/thumb/v7e-m/fpv4-sp/hard/libgcc.a(_aeabi_uldivmod.o)
 .ARM.attributes
                0x000000000000163f       0x34 /usr/bin/../lib/gcc/arm-none-eabi/7.3.1/thumb/v7e-m/fpv4-sp/hard/libgcc.a(_udivmoddi4.o)
 .ARM.attributes
                0x0000000000001673       0x22 /usr/bin/../lib/gcc/arm-none-eabi/7.3.1/thumb/v7e-m/fpv4-sp/hard/libgcc.a(_dvmd_tls.o)
 .ARM.attributes
                0x0000000000001695       0x34 /usr/bin/../lib/gcc/arm-none-eabi/7.3.1/thumb/v7e-m/fpv4-sp/hard/crtend.o
 .ARM.attributes
                0x00000000000016c9       0x22 /usr/bin/../lib/gcc/arm-none-eabi/7.3.1/thumb/v7e-m/fpv4-sp/hard/crtn.o

.comment        0x0000000000000000       0x7f
 .comment       0x0000000000000000       0x7f _build/virtual_timer_linked_list.o
                                         0x80 (size before relaxing)
 .comment       0x000000000000007f       0x80 _build/main.o
 .comment       0x000000000000007f       0x80 _build/virtual_timer.o
 .comment       0x000000000000007f       0x80 _build/kobukiUtilities.o
 .comment       0x000000000000007f       0x80 _build/better_error_handling.o
 .comment       0x000000000000007f       0x80 _build/SEGGER_RTT.o
 .comment       0x000000000000007f       0x80 _build/SEGGER_RTT_Syscalls_GCC.o
 .comment       0x000000000000007f       0x80 _build/app_error_handler_gcc.o
 .comment       0x000000000000007f       0x80 _build/app_timer.o
 .comment       0x000000000000007f       0x80 _build/app_util_platform.o
 .comment       0x000000000000007f       0x80 _build/before_startup.o
 .comment       0x000000000000007f       0x80 _build/hardfault_handler_gcc.o
 .comment       0x000000000000007f       0x80 _build/hardfault_implementation.o
 .comment       0x000000000000007f       0x80 _build/nrf_assert.o
 .comment       0x000000000000007f       0x80 _build/nrf_atomic.o
 .comment       0x000000000000007f       0x80 _build/nrf_balloc.o
 .comment       0x000000000000007f       0x80 _build/nrf_drv_clock.o
 .comment       0x000000000000007f       0x80 _build/nrf_fprintf.o
 .comment       0x000000000000007f       0x80 _build/nrf_fprintf_format.o
 .comment       0x000000000000007f       0x80 _build/nrf_fstorage.o
 .comment       0x000000000000007f       0x80 _build/nrf_log_backend_rtt.o